

================================================================
== Vivado HLS Report for 'depthwise_conv2d_fix_2'
================================================================
* Date:           Thu Dec 12 12:28:02 2019

* Version:        2018.3.1 (Build 2489210 on Tue Mar 26 04:40:43 MDT 2019)
* Project:        HLS
* Solution:       network
* Product family: zynq
* Target device:  xc7z020clg400-1


================================================================
== Performance Estimates
================================================================
+ Timing (ns): 
    * Summary: 
    +--------+-------+----------+------------+
    |  Clock | Target| Estimated| Uncertainty|
    +--------+-------+----------+------------+
    |ap_clk  |   4.40|     4.350|        1.27|
    +--------+-------+----------+------------+

+ Latency (clock cycles): 
    * Summary: 
    +--------+---------+--------+---------+---------+
    |      Latency     |     Interval     | Pipeline|
    |   min  |   max   |   min  |   max   |   Type  |
    +--------+---------+--------+---------+---------+
    |  279809|  1117793|  279809|  1117793|   none  |
    +--------+---------+--------+---------+---------+

    + Detail: 
        * Instance: 
        N/A

        * Loop: 
        +-------------------------+--------+---------+---------------+-----------+-----------+---------+----------+
        |                         |      Latency     |   Iteration   |  Initiation Interval  |   Trip  |          |
        |        Loop Name        |   min  |   max   |    Latency    |  achieved |   target  |  Count  | Pipelined|
        +-------------------------+--------+---------+---------------+-----------+-----------+---------+----------+
        |- Loop 1                 |  279808|  1117792| 17488 ~ 69862 |          -|          -|       16|    no    |
        | + Loop 1.1              |   17486|    69860|  1249 ~ 2495  |          -|          -| 14 ~ 28 |    no    |
        |  ++ Loop 1.1.1          |    1246|     2492|             89|          -|          -| 14 ~ 28 |    no    |
        |   +++ Loop 1.1.1.1      |      84|       84|             28|          -|          -|        3|    no    |
        |    ++++ Loop 1.1.1.1.1  |      24|       24|              8|          -|          -|        3|    no    |
        +-------------------------+--------+---------+---------------+-----------+-----------+---------+----------+

============================================================
+ Verbose Summary: Synthesis Manager
============================================================
InlineROM: 1
ExposeGlobal: 0
============================================================
+ Verbose Summary: CDFG Model
============================================================
IsTopModel: 0
ResetActiveHigh: 1
IsCombinational: 0
IsDatapathOnly: 0
HasWiredReturn: 1
HasMFsm: 0
HasVarLatency: 1
IsPipeline: 0
IsRtlPipelined: 0
IsInstanceOverlapped: 0
IsDontTouch: 0
HasImplIP: 0
IsGatedGlobalClock: 0


============================================================
+ Verbose Summary: Schedule
============================================================
* Number of FSM states : 19
* Pipeline : 0
* Dataflow Pipeline: 0

* FSM state transitions: 
1 --> 
	2  / true
2 --> 
	3  / (!exitcond4)
3 --> 
	4  / (!exitcond3)
	2  / (exitcond3)
4 --> 
	5  / true
5 --> 
	6  / (!exitcond2)
	3  / (exitcond2)
6 --> 
	7  / true
7 --> 
	8  / true
8 --> 
	9  / (!exitcond1)
	19  / (exitcond1)
9 --> 
	10  / true
10 --> 
	11  / true
11 --> 
	12  / (!exitcond)
	8  / (exitcond)
12 --> 
	13  / true
13 --> 
	14  / true
14 --> 
	15  / true
15 --> 
	16  / true
16 --> 
	17  / true
17 --> 
	18  / true
18 --> 
	11  / true
19 --> 
	5  / true

* FSM state operations: 

State 1 <SV = 0> <Delay = 1.76>
ST_1 : Operation 20 [1/1] (0.00ns)   --->   "%output_width_read = call i6 @_ssdm_op_Read.ap_auto.i6(i6 %output_width)"   --->   Operation 20 'read' 'output_width_read' <Predicate = true> <Delay = 0.00>
ST_1 : Operation 21 [1/1] (0.00ns)   --->   "%output_height_read = call i6 @_ssdm_op_Read.ap_auto.i6(i6 %output_height)"   --->   Operation 21 'read' 'output_height_read' <Predicate = true> <Delay = 0.00>
ST_1 : Operation 22 [1/1] (0.00ns)   --->   "%input_width_read = call i6 @_ssdm_op_Read.ap_auto.i6(i6 %input_width)"   --->   Operation 22 'read' 'input_width_read' <Predicate = true> <Delay = 0.00>
ST_1 : Operation 23 [1/1] (0.00ns)   --->   "%input_height_read = call i7 @_ssdm_op_Read.ap_auto.i7(i7 %input_height)"   --->   Operation 23 'read' 'input_height_read' <Predicate = true> <Delay = 0.00>
ST_1 : Operation 24 [1/1] (0.00ns)   --->   "%input_width_cast = sext i6 %input_width_read to i7"   --->   Operation 24 'sext' 'input_width_cast' <Predicate = true> <Delay = 0.00>
ST_1 : Operation 25 [1/1] (0.00ns)   --->   "%tmp_cast = zext i7 %input_height_read to i9" [layers_c/depthwise_conv2d.cpp:28]   --->   Operation 25 'zext' 'tmp_cast' <Predicate = true> <Delay = 0.00>
ST_1 : Operation 26 [1/1] (0.00ns)   --->   "%tmp_95_cast = zext i7 %input_width_cast to i14"   --->   Operation 26 'zext' 'tmp_95_cast' <Predicate = true> <Delay = 0.00>
ST_1 : Operation 27 [1/1] (0.00ns)   --->   "%tmp_96_cast = zext i6 %output_height_read to i9" [layers_c/depthwise_conv2d.cpp:36]   --->   Operation 27 'zext' 'tmp_96_cast' <Predicate = true> <Delay = 0.00>
ST_1 : Operation 28 [1/1] (0.00ns)   --->   "%tmp_97_cast = zext i6 %output_width_read to i14"   --->   Operation 28 'zext' 'tmp_97_cast' <Predicate = true> <Delay = 0.00>
ST_1 : Operation 29 [1/1] (1.76ns)   --->   "br label %.loopexit5" [layers_c/depthwise_conv2d.cpp:19]   --->   Operation 29 'br' <Predicate = true> <Delay = 1.76>

State 2 <SV = 1> <Delay = 1.82>
ST_2 : Operation 30 [1/1] (0.00ns)   --->   "%out_d = phi i5 [ 0, %0 ], [ %out_d_4, %.loopexit5.loopexit ]"   --->   Operation 30 'phi' 'out_d' <Predicate = true> <Delay = 0.00>
ST_2 : Operation 31 [1/1] (0.00ns)   --->   "%phi_mul = phi i9 [ 0, %0 ], [ %next_mul, %.loopexit5.loopexit ]" [layers_c/depthwise_conv2d.cpp:28]   --->   Operation 31 'phi' 'phi_mul' <Predicate = true> <Delay = 0.00>
ST_2 : Operation 32 [1/1] (0.00ns)   --->   "%phi_mul2 = phi i9 [ 0, %0 ], [ %next_mul3, %.loopexit5.loopexit ]" [layers_c/depthwise_conv2d.cpp:36]   --->   Operation 32 'phi' 'phi_mul2' <Predicate = true> <Delay = 0.00>
ST_2 : Operation 33 [1/1] (1.82ns)   --->   "%next_mul3 = add i9 %phi_mul2, %tmp_96_cast" [layers_c/depthwise_conv2d.cpp:36]   --->   Operation 33 'add' 'next_mul3' <Predicate = true> <Delay = 1.82> <Core = "AddSub">   --->   Core 14 'AddSub' <Latency = 0> <II = 1> <Delay = 1.81> <FuncUnit> <Opcode : 'add' 'sub'> <InPorts = 2> <OutPorts = 1>
ST_2 : Operation 34 [1/1] (1.82ns)   --->   "%next_mul = add i9 %phi_mul, %tmp_cast" [layers_c/depthwise_conv2d.cpp:28]   --->   Operation 34 'add' 'next_mul' <Predicate = true> <Delay = 1.82> <Core = "AddSub">   --->   Core 14 'AddSub' <Latency = 0> <II = 1> <Delay = 1.81> <FuncUnit> <Opcode : 'add' 'sub'> <InPorts = 2> <OutPorts = 1>
ST_2 : Operation 35 [1/1] (1.36ns)   --->   "%exitcond4 = icmp eq i5 %out_d, -16" [layers_c/depthwise_conv2d.cpp:19]   --->   Operation 35 'icmp' 'exitcond4' <Predicate = true> <Delay = 1.36> <Core = "Cmp">   --->   Core 25 'Cmp' <Latency = 0> <II = 1> <Delay = 0.95> <FuncUnit> <Opcode : 'icmp'> <InPorts = 2> <OutPorts = 1>
ST_2 : Operation 36 [1/1] (0.00ns)   --->   "%empty = call i32 (...)* @_ssdm_op_SpecLoopTripCount(i64 16, i64 16, i64 16)"   --->   Operation 36 'speclooptripcount' 'empty' <Predicate = true> <Delay = 0.00>
ST_2 : Operation 37 [1/1] (1.78ns)   --->   "%out_d_4 = add i5 %out_d, 1" [layers_c/depthwise_conv2d.cpp:19]   --->   Operation 37 'add' 'out_d_4' <Predicate = true> <Delay = 1.78> <Core = "AddSub">   --->   Core 14 'AddSub' <Latency = 0> <II = 1> <Delay = 1.81> <FuncUnit> <Opcode : 'add' 'sub'> <InPorts = 2> <OutPorts = 1>
ST_2 : Operation 38 [1/1] (0.00ns)   --->   "br i1 %exitcond4, label %4, label %.preheader6.preheader" [layers_c/depthwise_conv2d.cpp:19]   --->   Operation 38 'br' <Predicate = true> <Delay = 0.00>
ST_2 : Operation 39 [1/1] (0.00ns)   --->   "%tmp_s = zext i5 %out_d to i64" [layers_c/depthwise_conv2d.cpp:23]   --->   Operation 39 'zext' 'tmp_s' <Predicate = (!exitcond4)> <Delay = 0.00>
ST_2 : Operation 40 [1/1] (0.00ns)   --->   "%bias_addr = getelementptr [16 x i16]* %bias, i64 0, i64 %tmp_s" [layers_c/depthwise_conv2d.cpp:23]   --->   Operation 40 'getelementptr' 'bias_addr' <Predicate = (!exitcond4)> <Delay = 0.00>
ST_2 : Operation 41 [1/1] (0.00ns)   --->   "%tmp_72 = trunc i5 %out_d to i4" [layers_c/depthwise_conv2d.cpp:19]   --->   Operation 41 'trunc' 'tmp_72' <Predicate = (!exitcond4)> <Delay = 0.00>
ST_2 : Operation 42 [1/1] (0.00ns)   --->   "%p_shl = call i7 @_ssdm_op_BitConcatenate.i7.i4.i3(i4 %tmp_72, i3 0)" [layers_c/depthwise_conv2d.cpp:28]   --->   Operation 42 'bitconcatenate' 'p_shl' <Predicate = (!exitcond4)> <Delay = 0.00>
ST_2 : Operation 43 [1/1] (0.00ns)   --->   "%p_shl_cast = zext i7 %p_shl to i9" [layers_c/depthwise_conv2d.cpp:28]   --->   Operation 43 'zext' 'p_shl_cast' <Predicate = (!exitcond4)> <Delay = 0.00>
ST_2 : Operation 44 [1/1] (1.76ns)   --->   "br label %.preheader6" [layers_c/depthwise_conv2d.cpp:20]   --->   Operation 44 'br' <Predicate = (!exitcond4)> <Delay = 1.76>
ST_2 : Operation 45 [1/1] (0.00ns)   --->   "ret void"   --->   Operation 45 'ret' <Predicate = (exitcond4)> <Delay = 0.00>

State 3 <SV = 2> <Delay = 1.82>
ST_3 : Operation 46 [1/1] (0.00ns)   --->   "%out_h = phi i5 [ 0, %.preheader6.preheader ], [ %out_h_4, %.preheader6.loopexit ]"   --->   Operation 46 'phi' 'out_h' <Predicate = true> <Delay = 0.00>
ST_3 : Operation 47 [1/1] (0.00ns)   --->   "%out_h_cast = zext i5 %out_h to i6" [layers_c/depthwise_conv2d.cpp:20]   --->   Operation 47 'zext' 'out_h_cast' <Predicate = true> <Delay = 0.00>
ST_3 : Operation 48 [1/1] (1.42ns)   --->   "%exitcond3 = icmp eq i6 %out_h_cast, %output_height_read" [layers_c/depthwise_conv2d.cpp:20]   --->   Operation 48 'icmp' 'exitcond3' <Predicate = true> <Delay = 1.42> <Core = "Cmp">   --->   Core 25 'Cmp' <Latency = 0> <II = 1> <Delay = 0.95> <FuncUnit> <Opcode : 'icmp'> <InPorts = 2> <OutPorts = 1>
ST_3 : Operation 49 [1/1] (0.00ns)   --->   "%empty_38 = call i32 (...)* @_ssdm_op_SpecLoopTripCount(i64 14, i64 28, i64 0)"   --->   Operation 49 'speclooptripcount' 'empty_38' <Predicate = true> <Delay = 0.00>
ST_3 : Operation 50 [1/1] (1.78ns)   --->   "%out_h_4 = add i5 %out_h, 1" [layers_c/depthwise_conv2d.cpp:20]   --->   Operation 50 'add' 'out_h_4' <Predicate = true> <Delay = 1.78> <Core = "AddSub">   --->   Core 14 'AddSub' <Latency = 0> <II = 1> <Delay = 1.81> <FuncUnit> <Opcode : 'add' 'sub'> <InPorts = 2> <OutPorts = 1>
ST_3 : Operation 51 [1/1] (0.00ns)   --->   "br i1 %exitcond3, label %.loopexit5.loopexit, label %.preheader5.preheader" [layers_c/depthwise_conv2d.cpp:20]   --->   Operation 51 'br' <Predicate = true> <Delay = 0.00>
ST_3 : Operation 52 [1/1] (0.00ns)   --->   "%tmp_103_cast = zext i5 %out_h to i9" [layers_c/depthwise_conv2d.cpp:20]   --->   Operation 52 'zext' 'tmp_103_cast' <Predicate = (!exitcond3)> <Delay = 0.00>
ST_3 : Operation 53 [1/1] (1.82ns)   --->   "%tmp2 = add i9 %phi_mul2, %tmp_103_cast" [layers_c/depthwise_conv2d.cpp:36]   --->   Operation 53 'add' 'tmp2' <Predicate = (!exitcond3)> <Delay = 1.82> <Core = "AddSub">   --->   Core 14 'AddSub' <Latency = 0> <II = 1> <Delay = 1.81> <FuncUnit> <Opcode : 'add' 'sub'> <InPorts = 2> <OutPorts = 1>
ST_3 : Operation 54 [1/1] (0.00ns)   --->   "br label %.loopexit5"   --->   Operation 54 'br' <Predicate = (exitcond3)> <Delay = 0.00>

State 4 <SV = 3> <Delay = 4.35>
ST_4 : Operation 55 [1/1] (0.00ns)   --->   "%tmp2_cast = zext i9 %tmp2 to i14" [layers_c/depthwise_conv2d.cpp:36]   --->   Operation 55 'zext' 'tmp2_cast' <Predicate = true> <Delay = 0.00>
ST_4 : Operation 56 [1/1] (4.35ns)   --->   "%tmp3 = mul i14 %tmp2_cast, %tmp_97_cast" [layers_c/depthwise_conv2d.cpp:36]   --->   Operation 56 'mul' 'tmp3' <Predicate = true> <Delay = 4.35> <Core = "Mul">   --->   Core 16 'Mul' <Latency = 0> <II = 1> <Delay = 4.35> <FuncUnit> <Opcode : 'mul'> <InPorts = 2> <OutPorts = 1>
ST_4 : Operation 57 [1/1] (1.76ns)   --->   "br label %.preheader5" [layers_c/depthwise_conv2d.cpp:21]   --->   Operation 57 'br' <Predicate = true> <Delay = 1.76>

State 5 <SV = 4> <Delay = 2.32>
ST_5 : Operation 58 [1/1] (0.00ns)   --->   "%out_w = phi i5 [ %out_w_4, %3 ], [ 0, %.preheader5.preheader ]"   --->   Operation 58 'phi' 'out_w' <Predicate = true> <Delay = 0.00>
ST_5 : Operation 59 [1/1] (0.00ns)   --->   "%out_w_cast = zext i5 %out_w to i6" [layers_c/depthwise_conv2d.cpp:21]   --->   Operation 59 'zext' 'out_w_cast' <Predicate = true> <Delay = 0.00>
ST_5 : Operation 60 [1/1] (1.42ns)   --->   "%exitcond2 = icmp eq i6 %out_w_cast, %output_width_read" [layers_c/depthwise_conv2d.cpp:21]   --->   Operation 60 'icmp' 'exitcond2' <Predicate = true> <Delay = 1.42> <Core = "Cmp">   --->   Core 25 'Cmp' <Latency = 0> <II = 1> <Delay = 0.95> <FuncUnit> <Opcode : 'icmp'> <InPorts = 2> <OutPorts = 1>
ST_5 : Operation 61 [1/1] (0.00ns)   --->   "%empty_39 = call i32 (...)* @_ssdm_op_SpecLoopTripCount(i64 14, i64 28, i64 0)"   --->   Operation 61 'speclooptripcount' 'empty_39' <Predicate = true> <Delay = 0.00>
ST_5 : Operation 62 [1/1] (1.78ns)   --->   "%out_w_4 = add i5 %out_w, 1" [layers_c/depthwise_conv2d.cpp:21]   --->   Operation 62 'add' 'out_w_4' <Predicate = true> <Delay = 1.78> <Core = "AddSub">   --->   Core 14 'AddSub' <Latency = 0> <II = 1> <Delay = 1.81> <FuncUnit> <Opcode : 'add' 'sub'> <InPorts = 2> <OutPorts = 1>
ST_5 : Operation 63 [1/1] (0.00ns)   --->   "br i1 %exitcond2, label %.preheader6.loopexit, label %1" [layers_c/depthwise_conv2d.cpp:21]   --->   Operation 63 'br' <Predicate = true> <Delay = 0.00>
ST_5 : Operation 64 [2/2] (2.32ns)   --->   "%buffer = load i16* %bias_addr, align 2" [layers_c/depthwise_conv2d.cpp:23]   --->   Operation 64 'load' 'buffer' <Predicate = (!exitcond2)> <Delay = 2.32> <Core = "RAM">   --->   Core 37 'RAM' <Latency = 1> <II = 1> <Delay = 1.68> <Storage> <Opcode : 'load' 'store'> <Ports = 2> <Width = 16> <Depth = 14400> <RAM>
ST_5 : Operation 65 [1/1] (0.00ns)   --->   "br label %.preheader6"   --->   Operation 65 'br' <Predicate = (exitcond2)> <Delay = 0.00>

State 6 <SV = 5> <Delay = 2.32>
ST_6 : Operation 66 [1/2] (2.32ns)   --->   "%buffer = load i16* %bias_addr, align 2" [layers_c/depthwise_conv2d.cpp:23]   --->   Operation 66 'load' 'buffer' <Predicate = true> <Delay = 2.32> <Core = "RAM">   --->   Core 37 'RAM' <Latency = 1> <II = 1> <Delay = 1.68> <Storage> <Opcode : 'load' 'store'> <Ports = 2> <Width = 16> <Depth = 14400> <RAM>

State 7 <SV = 6> <Delay = 1.76>
ST_7 : Operation 67 [1/1] (0.00ns)   --->   "%tmp_104_cast = zext i5 %out_w to i14" [layers_c/depthwise_conv2d.cpp:24]   --->   Operation 67 'zext' 'tmp_104_cast' <Predicate = true> <Delay = 0.00>
ST_7 : Operation 68 [1/1] (1.76ns)   --->   "br label %.loopexit" [layers_c/depthwise_conv2d.cpp:24]   --->   Operation 68 'br' <Predicate = true> <Delay = 1.76>

State 8 <SV = 7> <Delay = 1.81>
ST_8 : Operation 69 [1/1] (0.00ns)   --->   "%buffer6 = phi i16 [ %buffer, %1 ], [ %buffer_1, %.loopexit.loopexit ]"   --->   Operation 69 'phi' 'buffer6' <Predicate = true> <Delay = 0.00>
ST_8 : Operation 70 [1/1] (0.00ns)   --->   "%k_h = phi i2 [ 0, %1 ], [ %k_h_1, %.loopexit.loopexit ]"   --->   Operation 70 'phi' 'k_h' <Predicate = true> <Delay = 0.00>
ST_8 : Operation 71 [1/1] (0.95ns)   --->   "%exitcond1 = icmp eq i2 %k_h, -1" [layers_c/depthwise_conv2d.cpp:24]   --->   Operation 71 'icmp' 'exitcond1' <Predicate = true> <Delay = 0.95> <Core = "Cmp">   --->   Core 25 'Cmp' <Latency = 0> <II = 1> <Delay = 0.95> <FuncUnit> <Opcode : 'icmp'> <InPorts = 2> <OutPorts = 1>
ST_8 : Operation 72 [1/1] (0.00ns)   --->   "%empty_40 = call i32 (...)* @_ssdm_op_SpecLoopTripCount(i64 3, i64 3, i64 3)"   --->   Operation 72 'speclooptripcount' 'empty_40' <Predicate = true> <Delay = 0.00>
ST_8 : Operation 73 [1/1] (1.56ns)   --->   "%k_h_1 = add i2 %k_h, 1" [layers_c/depthwise_conv2d.cpp:24]   --->   Operation 73 'add' 'k_h_1' <Predicate = true> <Delay = 1.56> <Core = "AddSub">   --->   Core 14 'AddSub' <Latency = 0> <II = 1> <Delay = 1.81> <FuncUnit> <Opcode : 'add' 'sub'> <InPorts = 2> <OutPorts = 1>
ST_8 : Operation 74 [1/1] (0.00ns)   --->   "br i1 %exitcond1, label %3, label %.preheader.preheader" [layers_c/depthwise_conv2d.cpp:24]   --->   Operation 74 'br' <Predicate = true> <Delay = 0.00>
ST_8 : Operation 75 [1/1] (0.00ns)   --->   "%tmp_107_cast9 = zext i2 %k_h to i5" [layers_c/depthwise_conv2d.cpp:28]   --->   Operation 75 'zext' 'tmp_107_cast9' <Predicate = (!exitcond1)> <Delay = 0.00>
ST_8 : Operation 76 [1/1] (0.00ns)   --->   "%p_shl5 = call i4 @_ssdm_op_BitConcatenate.i4.i2.i2(i2 %k_h, i2 0)" [layers_c/depthwise_conv2d.cpp:28]   --->   Operation 76 'bitconcatenate' 'p_shl5' <Predicate = (!exitcond1)> <Delay = 0.00>
ST_8 : Operation 77 [1/1] (0.00ns)   --->   "%p_shl5_cast = zext i4 %p_shl5 to i5" [layers_c/depthwise_conv2d.cpp:28]   --->   Operation 77 'zext' 'p_shl5_cast' <Predicate = (!exitcond1)> <Delay = 0.00>
ST_8 : Operation 78 [1/1] (1.73ns)   --->   "%tmp_63 = sub i5 %p_shl5_cast, %tmp_107_cast9" [layers_c/depthwise_conv2d.cpp:28]   --->   Operation 78 'sub' 'tmp_63' <Predicate = (!exitcond1)> <Delay = 1.73> <Core = "AddSub">   --->   Core 14 'AddSub' <Latency = 0> <II = 1> <Delay = 1.81> <FuncUnit> <Opcode : 'add' 'sub'> <InPorts = 2> <OutPorts = 1>
ST_8 : Operation 79 [1/1] (1.78ns)   --->   "%tmp4 = add i5 %tmp_107_cast9, %out_h" [layers_c/depthwise_conv2d.cpp:28]   --->   Operation 79 'add' 'tmp4' <Predicate = (!exitcond1)> <Delay = 1.78> <Core = "AddSub">   --->   Core 14 'AddSub' <Latency = 0> <II = 1> <Delay = 1.81> <FuncUnit> <Opcode : 'add' 'sub'> <InPorts = 2> <OutPorts = 1>
ST_8 : Operation 80 [1/1] (1.81ns)   --->   "%tmp_61 = add i14 %tmp3, %tmp_104_cast" [layers_c/depthwise_conv2d.cpp:36]   --->   Operation 80 'add' 'tmp_61' <Predicate = (exitcond1)> <Delay = 1.81> <Core = "AddSub">   --->   Core 14 'AddSub' <Latency = 0> <II = 1> <Delay = 1.81> <FuncUnit> <Opcode : 'add' 'sub'> <InPorts = 2> <OutPorts = 1>

State 9 <SV = 8> <Delay = 1.87>
ST_9 : Operation 81 [1/1] (0.00ns)   --->   "%tmp_108_cast = sext i5 %tmp_63 to i9" [layers_c/depthwise_conv2d.cpp:28]   --->   Operation 81 'sext' 'tmp_108_cast' <Predicate = true> <Delay = 0.00>
ST_9 : Operation 82 [1/1] (0.00ns)   --->   "%tmp4_cast = zext i5 %tmp4 to i9" [layers_c/depthwise_conv2d.cpp:28]   --->   Operation 82 'zext' 'tmp4_cast' <Predicate = true> <Delay = 0.00>
ST_9 : Operation 83 [1/1] (1.82ns)   --->   "%tmp = add i9 %phi_mul, %tmp4_cast" [layers_c/depthwise_conv2d.cpp:28]   --->   Operation 83 'add' 'tmp' <Predicate = true> <Delay = 1.82> <Core = "AddSub">   --->   Core 14 'AddSub' <Latency = 0> <II = 1> <Delay = 1.81> <FuncUnit> <Opcode : 'add' 'sub'> <InPorts = 2> <OutPorts = 1>
ST_9 : Operation 84 [1/1] (1.87ns)   --->   "%tmp6 = add i9 %tmp_108_cast, %p_shl_cast" [layers_c/depthwise_conv2d.cpp:28]   --->   Operation 84 'add' 'tmp6' <Predicate = true> <Delay = 1.87> <Core = "AddSub">   --->   Core 14 'AddSub' <Latency = 0> <II = 1> <Delay = 1.81> <FuncUnit> <Opcode : 'add' 'sub'> <InPorts = 2> <OutPorts = 1>

State 10 <SV = 9> <Delay = 4.35>
ST_10 : Operation 85 [1/1] (0.00ns)   --->   "%tmp_cast_41 = zext i9 %tmp to i14" [layers_c/depthwise_conv2d.cpp:28]   --->   Operation 85 'zext' 'tmp_cast_41' <Predicate = true> <Delay = 0.00>
ST_10 : Operation 86 [1/1] (4.35ns)   --->   "%tmp1 = mul i14 %tmp_95_cast, %tmp_cast_41" [layers_c/depthwise_conv2d.cpp:28]   --->   Operation 86 'mul' 'tmp1' <Predicate = true> <Delay = 4.35> <Core = "Mul">   --->   Core 16 'Mul' <Latency = 0> <II = 1> <Delay = 4.35> <FuncUnit> <Opcode : 'mul'> <InPorts = 2> <OutPorts = 1>
ST_10 : Operation 87 [1/1] (1.76ns)   --->   "br label %.preheader" [layers_c/depthwise_conv2d.cpp:26]   --->   Operation 87 'br' <Predicate = true> <Delay = 1.76>

State 11 <SV = 10> <Delay = 1.78>
ST_11 : Operation 88 [1/1] (0.00ns)   --->   "%buffer_1 = phi i16 [ %buffer_6, %2 ], [ %buffer6, %.preheader.preheader ]"   --->   Operation 88 'phi' 'buffer_1' <Predicate = true> <Delay = 0.00>
ST_11 : Operation 89 [1/1] (0.00ns)   --->   "%k_w = phi i2 [ %k_w_1, %2 ], [ 0, %.preheader.preheader ]"   --->   Operation 89 'phi' 'k_w' <Predicate = true> <Delay = 0.00>
ST_11 : Operation 90 [1/1] (0.95ns)   --->   "%exitcond = icmp eq i2 %k_w, -1" [layers_c/depthwise_conv2d.cpp:26]   --->   Operation 90 'icmp' 'exitcond' <Predicate = true> <Delay = 0.95> <Core = "Cmp">   --->   Core 25 'Cmp' <Latency = 0> <II = 1> <Delay = 0.95> <FuncUnit> <Opcode : 'icmp'> <InPorts = 2> <OutPorts = 1>
ST_11 : Operation 91 [1/1] (0.00ns)   --->   "%empty_42 = call i32 (...)* @_ssdm_op_SpecLoopTripCount(i64 3, i64 3, i64 3)"   --->   Operation 91 'speclooptripcount' 'empty_42' <Predicate = true> <Delay = 0.00>
ST_11 : Operation 92 [1/1] (1.56ns)   --->   "%k_w_1 = add i2 %k_w, 1" [layers_c/depthwise_conv2d.cpp:26]   --->   Operation 92 'add' 'k_w_1' <Predicate = true> <Delay = 1.56> <Core = "AddSub">   --->   Core 14 'AddSub' <Latency = 0> <II = 1> <Delay = 1.81> <FuncUnit> <Opcode : 'add' 'sub'> <InPorts = 2> <OutPorts = 1>
ST_11 : Operation 93 [1/1] (0.00ns)   --->   "br i1 %exitcond, label %.loopexit.loopexit, label %2" [layers_c/depthwise_conv2d.cpp:26]   --->   Operation 93 'br' <Predicate = true> <Delay = 0.00>
ST_11 : Operation 94 [1/1] (0.00ns)   --->   "%tmp_109_cast = zext i2 %k_w to i5" [layers_c/depthwise_conv2d.cpp:28]   --->   Operation 94 'zext' 'tmp_109_cast' <Predicate = (!exitcond)> <Delay = 0.00>
ST_11 : Operation 95 [1/1] (1.78ns)   --->   "%tmp5 = add i5 %tmp_109_cast, %out_w" [layers_c/depthwise_conv2d.cpp:28]   --->   Operation 95 'add' 'tmp5' <Predicate = (!exitcond)> <Delay = 1.78> <Core = "AddSub">   --->   Core 14 'AddSub' <Latency = 0> <II = 1> <Delay = 1.81> <FuncUnit> <Opcode : 'add' 'sub'> <InPorts = 2> <OutPorts = 1>
ST_11 : Operation 96 [1/1] (1.78ns)   --->   "%tmp7 = add i5 %out_d, %tmp_109_cast" [layers_c/depthwise_conv2d.cpp:28]   --->   Operation 96 'add' 'tmp7' <Predicate = (!exitcond)> <Delay = 1.78> <Core = "AddSub">   --->   Core 14 'AddSub' <Latency = 0> <II = 1> <Delay = 1.81> <FuncUnit> <Opcode : 'add' 'sub'> <InPorts = 2> <OutPorts = 1>
ST_11 : Operation 97 [1/1] (0.00ns)   --->   "br label %.loopexit"   --->   Operation 97 'br' <Predicate = (exitcond)> <Delay = 0.00>

State 12 <SV = 11> <Delay = 1.82>
ST_12 : Operation 98 [1/1] (0.00ns)   --->   "%tmp5_cast = zext i5 %tmp5 to i14" [layers_c/depthwise_conv2d.cpp:28]   --->   Operation 98 'zext' 'tmp5_cast' <Predicate = true> <Delay = 0.00>
ST_12 : Operation 99 [1/1] (1.81ns)   --->   "%tmp_64 = add i14 %tmp5_cast, %tmp1" [layers_c/depthwise_conv2d.cpp:28]   --->   Operation 99 'add' 'tmp_64' <Predicate = true> <Delay = 1.81> <Core = "AddSub">   --->   Core 14 'AddSub' <Latency = 0> <II = 1> <Delay = 1.81> <FuncUnit> <Opcode : 'add' 'sub'> <InPorts = 2> <OutPorts = 1>
ST_12 : Operation 100 [1/1] (0.00ns)   --->   "%tmp7_cast = zext i5 %tmp7 to i9" [layers_c/depthwise_conv2d.cpp:28]   --->   Operation 100 'zext' 'tmp7_cast' <Predicate = true> <Delay = 0.00>
ST_12 : Operation 101 [1/1] (1.82ns)   --->   "%tmp_66 = add i9 %tmp7_cast, %tmp6" [layers_c/depthwise_conv2d.cpp:28]   --->   Operation 101 'add' 'tmp_66' <Predicate = true> <Delay = 1.82> <Core = "AddSub">   --->   Core 14 'AddSub' <Latency = 0> <II = 1> <Delay = 1.81> <FuncUnit> <Opcode : 'add' 'sub'> <InPorts = 2> <OutPorts = 1>

State 13 <SV = 12> <Delay = 1.68>
ST_13 : Operation 102 [1/1] (0.00ns)   --->   "%tmp_65 = zext i14 %tmp_64 to i64" [layers_c/depthwise_conv2d.cpp:28]   --->   Operation 102 'zext' 'tmp_65' <Predicate = true> <Delay = 0.00>
ST_13 : Operation 103 [1/1] (0.00ns)   --->   "%input_addr = getelementptr [14400 x i16]* %input_r, i64 0, i64 %tmp_65" [layers_c/depthwise_conv2d.cpp:28]   --->   Operation 103 'getelementptr' 'input_addr' <Predicate = true> <Delay = 0.00>
ST_13 : Operation 104 [2/2] (1.68ns)   --->   "%input_load = load i16* %input_addr, align 2" [layers_c/depthwise_conv2d.cpp:28]   --->   Operation 104 'load' 'input_load' <Predicate = true> <Delay = 1.68> <Core = "RAM">   --->   Core 37 'RAM' <Latency = 1> <II = 1> <Delay = 1.68> <Storage> <Opcode : 'load' 'store'> <Ports = 2> <Width = 16> <Depth = 14400> <RAM>
ST_13 : Operation 105 [1/1] (0.00ns)   --->   "%tmp_116_cast = sext i9 %tmp_66 to i32" [layers_c/depthwise_conv2d.cpp:28]   --->   Operation 105 'sext' 'tmp_116_cast' <Predicate = true> <Delay = 0.00>
ST_13 : Operation 106 [1/1] (0.00ns)   --->   "%tmp_67 = zext i32 %tmp_116_cast to i64" [layers_c/depthwise_conv2d.cpp:28]   --->   Operation 106 'zext' 'tmp_67' <Predicate = true> <Delay = 0.00>
ST_13 : Operation 107 [1/1] (0.00ns)   --->   "%kernel_0_addr = getelementptr [144 x i16]* %kernel_0, i64 0, i64 %tmp_67" [layers_c/depthwise_conv2d.cpp:28]   --->   Operation 107 'getelementptr' 'kernel_0_addr' <Predicate = true> <Delay = 0.00>
ST_13 : Operation 108 [2/2] (1.68ns)   --->   "%kernel_0_load = load i16* %kernel_0_addr, align 2" [layers_c/depthwise_conv2d.cpp:28]   --->   Operation 108 'load' 'kernel_0_load' <Predicate = true> <Delay = 1.68> <Core = "RAM">   --->   Core 37 'RAM' <Latency = 1> <II = 1> <Delay = 1.68> <Storage> <Opcode : 'load' 'store'> <Ports = 2> <Width = 16> <Depth = 14400> <RAM>

State 14 <SV = 13> <Delay = 1.68>
ST_14 : Operation 109 [1/2] (1.68ns)   --->   "%input_load = load i16* %input_addr, align 2" [layers_c/depthwise_conv2d.cpp:28]   --->   Operation 109 'load' 'input_load' <Predicate = true> <Delay = 1.68> <Core = "RAM">   --->   Core 37 'RAM' <Latency = 1> <II = 1> <Delay = 1.68> <Storage> <Opcode : 'load' 'store'> <Ports = 2> <Width = 16> <Depth = 14400> <RAM>
ST_14 : Operation 110 [1/2] (1.68ns)   --->   "%kernel_0_load = load i16* %kernel_0_addr, align 2" [layers_c/depthwise_conv2d.cpp:28]   --->   Operation 110 'load' 'kernel_0_load' <Predicate = true> <Delay = 1.68> <Core = "RAM">   --->   Core 37 'RAM' <Latency = 1> <II = 1> <Delay = 1.68> <Storage> <Opcode : 'load' 'store'> <Ports = 2> <Width = 16> <Depth = 14400> <RAM>

State 15 <SV = 14> <Delay = 3.89>
ST_15 : Operation 111 [1/1] (0.00ns)   --->   "%tmp_114_cast = sext i16 %input_load to i30" [layers_c/depthwise_conv2d.cpp:28]   --->   Operation 111 'sext' 'tmp_114_cast' <Predicate = true> <Delay = 0.00>
ST_15 : Operation 112 [1/1] (0.00ns)   --->   "%tmp_118_cast = sext i16 %kernel_0_load to i30" [layers_c/depthwise_conv2d.cpp:28]   --->   Operation 112 'sext' 'tmp_118_cast' <Predicate = true> <Delay = 0.00>
ST_15 : Operation 113 [3/3] (3.89ns) (root node of the DSP)   --->   "%tmp_68 = mul i30 %tmp_118_cast, %tmp_114_cast" [layers_c/depthwise_conv2d.cpp:28]   --->   Operation 113 'mul' 'tmp_68' <Predicate = true> <Delay = 3.89> <Core = "DSP48">   --->   Core 65 'DSP48' <Latency = 2> <II = 1> <Delay = 3.89> <IPBlock> <Opcode : 'mul' 'add' 'sub' 'select'> <InPorts = 0> <OutPorts = 1> <Sync> <CReg>

State 16 <SV = 15> <Delay = 3.89>
ST_16 : Operation 114 [2/3] (3.89ns) (root node of the DSP)   --->   "%tmp_68 = mul i30 %tmp_118_cast, %tmp_114_cast" [layers_c/depthwise_conv2d.cpp:28]   --->   Operation 114 'mul' 'tmp_68' <Predicate = true> <Delay = 3.89> <Core = "DSP48">   --->   Core 65 'DSP48' <Latency = 2> <II = 1> <Delay = 3.89> <IPBlock> <Opcode : 'mul' 'add' 'sub' 'select'> <InPorts = 0> <OutPorts = 1> <Sync> <CReg>

State 17 <SV = 16> <Delay = 0.00>
ST_17 : Operation 115 [1/3] (0.00ns) (root node of the DSP)   --->   "%tmp_68 = mul i30 %tmp_118_cast, %tmp_114_cast" [layers_c/depthwise_conv2d.cpp:28]   --->   Operation 115 'mul' 'tmp_68' <Predicate = true> <Delay = 0.00> <Core = "DSP48">   --->   Core 65 'DSP48' <Latency = 2> <II = 1> <Delay = 3.89> <IPBlock> <Opcode : 'mul' 'add' 'sub' 'select'> <InPorts = 0> <OutPorts = 1> <Sync> <CReg>

State 18 <SV = 17> <Delay = 2.07>
ST_18 : Operation 116 [1/1] (0.00ns)   --->   "%tmp_69 = call i16 @_ssdm_op_PartSelect.i16.i30.i32.i32(i30 %tmp_68, i32 14, i32 29)" [layers_c/depthwise_conv2d.cpp:28]   --->   Operation 116 'partselect' 'tmp_69' <Predicate = true> <Delay = 0.00>
ST_18 : Operation 117 [1/1] (2.07ns)   --->   "%buffer_6 = add i16 %tmp_69, %buffer_1" [layers_c/depthwise_conv2d.cpp:28]   --->   Operation 117 'add' 'buffer_6' <Predicate = true> <Delay = 2.07> <Core = "AddSub">   --->   Core 14 'AddSub' <Latency = 0> <II = 1> <Delay = 1.81> <FuncUnit> <Opcode : 'add' 'sub'> <InPorts = 2> <OutPorts = 1>
ST_18 : Operation 118 [1/1] (0.00ns)   --->   "br label %.preheader" [layers_c/depthwise_conv2d.cpp:26]   --->   Operation 118 'br' <Predicate = true> <Delay = 0.00>

State 19 <SV = 8> <Delay = 1.68>
ST_19 : Operation 119 [1/1] (0.00ns)   --->   "%tmp_62 = zext i14 %tmp_61 to i64" [layers_c/depthwise_conv2d.cpp:36]   --->   Operation 119 'zext' 'tmp_62' <Predicate = true> <Delay = 0.00>
ST_19 : Operation 120 [1/1] (0.00ns)   --->   "%output_addr = getelementptr [14400 x i16]* %output_r, i64 0, i64 %tmp_62" [layers_c/depthwise_conv2d.cpp:36]   --->   Operation 120 'getelementptr' 'output_addr' <Predicate = true> <Delay = 0.00>
ST_19 : Operation 121 [1/1] (1.68ns)   --->   "store i16 %buffer6, i16* %output_addr, align 2" [layers_c/depthwise_conv2d.cpp:36]   --->   Operation 121 'store' <Predicate = true> <Delay = 1.68> <Core = "RAM">   --->   Core 37 'RAM' <Latency = 1> <II = 1> <Delay = 1.68> <Storage> <Opcode : 'load' 'store'> <Ports = 2> <Width = 16> <Depth = 14400> <RAM>
ST_19 : Operation 122 [1/1] (0.00ns)   --->   "br label %.preheader5" [layers_c/depthwise_conv2d.cpp:21]   --->   Operation 122 'br' <Predicate = true> <Delay = 0.00>


============================================================
+ Verbose Summary: Timing violations
============================================================
Target clock period: 4.4ns, clock uncertainty: 1.27ns.

 <State 1>: 1.77ns
The critical path consists of the following:
	multiplexor before 'phi' operation ('out_d') with incoming values : ('out_d', layers_c/depthwise_conv2d.cpp:19) [20]  (1.77 ns)

 <State 2>: 1.82ns
The critical path consists of the following:
	'phi' operation ('phi_mul', layers_c/depthwise_conv2d.cpp:28) with incoming values : ('next_mul', layers_c/depthwise_conv2d.cpp:28) [21]  (0 ns)
	'add' operation ('next_mul', layers_c/depthwise_conv2d.cpp:28) [24]  (1.82 ns)

 <State 3>: 1.82ns
The critical path consists of the following:
	'phi' operation ('out_h') with incoming values : ('out_h', layers_c/depthwise_conv2d.cpp:20) [37]  (0 ns)
	'add' operation ('tmp2', layers_c/depthwise_conv2d.cpp:36) [45]  (1.82 ns)

 <State 4>: 4.35ns
The critical path consists of the following:
	'mul' operation ('tmp3', layers_c/depthwise_conv2d.cpp:36) [47]  (4.35 ns)

 <State 5>: 2.32ns
The critical path consists of the following:
	'load' operation ('buffer', layers_c/depthwise_conv2d.cpp:23) on array 'bias' [57]  (2.32 ns)

 <State 6>: 2.32ns
The critical path consists of the following:
	'load' operation ('buffer', layers_c/depthwise_conv2d.cpp:23) on array 'bias' [57]  (2.32 ns)

 <State 7>: 1.77ns
The critical path consists of the following:
	multiplexor before 'phi' operation ('buffer') with incoming values : ('buffer', layers_c/depthwise_conv2d.cpp:23) ('buffer', layers_c/depthwise_conv2d.cpp:28) [61]  (1.77 ns)

 <State 8>: 1.81ns
The critical path consists of the following:
	'add' operation ('tmp_61', layers_c/depthwise_conv2d.cpp:36) [111]  (1.81 ns)

 <State 9>: 1.87ns
The critical path consists of the following:
	'add' operation ('tmp6', layers_c/depthwise_conv2d.cpp:28) [78]  (1.87 ns)

 <State 10>: 4.35ns
The critical path consists of the following:
	'mul' operation ('tmp1', layers_c/depthwise_conv2d.cpp:28) [77]  (4.35 ns)

 <State 11>: 1.78ns
The critical path consists of the following:
	'phi' operation ('k_w') with incoming values : ('k_w', layers_c/depthwise_conv2d.cpp:26) [82]  (0 ns)
	'add' operation ('tmp5', layers_c/depthwise_conv2d.cpp:28) [89]  (1.78 ns)

 <State 12>: 1.82ns
The critical path consists of the following:
	'add' operation ('tmp_66', layers_c/depthwise_conv2d.cpp:28) [98]  (1.82 ns)

 <State 13>: 1.68ns
The critical path consists of the following:
	'getelementptr' operation ('input_addr', layers_c/depthwise_conv2d.cpp:28) [93]  (0 ns)
	'load' operation ('input_load', layers_c/depthwise_conv2d.cpp:28) on array 'input_r' [94]  (1.68 ns)

 <State 14>: 1.68ns
The critical path consists of the following:
	'load' operation ('input_load', layers_c/depthwise_conv2d.cpp:28) on array 'input_r' [94]  (1.68 ns)

 <State 15>: 3.89ns
The critical path consists of the following:
	'mul' operation of DSP[104] ('tmp_68', layers_c/depthwise_conv2d.cpp:28) [104]  (3.89 ns)

 <State 16>: 3.89ns
The critical path consists of the following:
	'mul' operation of DSP[104] ('tmp_68', layers_c/depthwise_conv2d.cpp:28) [104]  (3.89 ns)

 <State 17>: 0ns
The critical path consists of the following:

 <State 18>: 2.08ns
The critical path consists of the following:
	'add' operation ('buffer', layers_c/depthwise_conv2d.cpp:28) [106]  (2.08 ns)

 <State 19>: 1.68ns
The critical path consists of the following:
	'getelementptr' operation ('output_addr', layers_c/depthwise_conv2d.cpp:36) [113]  (0 ns)
	'store' operation (layers_c/depthwise_conv2d.cpp:36) of variable 'buffer' on array 'output_r' [114]  (1.68 ns)


============================================================
+ Verbose Summary: Binding
============================================================
N/A
* FSMD analyzer results:
  - Output states:
 - Input state : 
  - Chain level:
	State 1
	State 2
	State 3
	State 4
	State 5
	State 6
	State 7
	State 8
	State 9
	State 10
	State 11
	State 12
	State 13
	State 14
	State 15
	State 16
	State 17
	State 18
	State 19


============================================================
+ Verbose Summary: Datapath Resource usage 
============================================================
N/A
