

================================================================
== Vivado HLS Report for 'padding2d_fix16'
================================================================
* Date:           Thu Dec 12 12:28:01 2019

* Version:        2018.3.1 (Build 2489210 on Tue Mar 26 04:40:43 MDT 2019)
* Project:        HLS
* Solution:       network
* Product family: zynq
* Target device:  xc7z020clg400-1


================================================================
== Performance Estimates
================================================================
+ Timing (ns): 
    * Summary: 
    +--------+-------+----------+------------+
    |  Clock | Target| Estimated| Uncertainty|
    +--------+-------+----------+------------+
    |ap_clk  |   4.40|     3.740|        1.27|
    +--------+-------+----------+------------+

+ Latency (clock cycles): 
    * Summary: 
    +-----+-------+-----+-------+---------+
    |   Latency   |   Interval  | Pipeline|
    | min |  max  | min |  max  |   Type  |
    +-----+-------+-----+-------+---------+
    |  211|  40918|  211|  40918|   none  |
    +-----+-------+-----+-------+---------+

    + Detail: 
        * Instance: 
        N/A

        * Loop: 
        +-----------------+-----+-------+------------+-----------+-----------+---------+----------+
        |                 |   Latency   |  Iteration |  Initiation Interval  |   Trip  |          |
        |    Loop Name    | min |  max  |   Latency  |  achieved |   target  |  Count  | Pipelined|
        +-----------------+-----+-------+------------+-----------+-----------+---------+----------+
        |- Loop 1         |  205|  40912| 205 ~ 2557 |          -|          -|  1 ~ 16 |    no    |
        | + Loop 1.1      |   10|     31|           1|          -|          -| 10 ~ 31 |    no    |
        | + Loop 1.2      |  182|   2492|   26 ~ 89  |          -|          -|  7 ~ 28 |    no    |
        |  ++ Loop 1.2.1  |   21|     84|           3|          -|          -|  7 ~ 28 |    no    |
        |  ++ Loop 1.2.2  |    2|      2|           1|          -|          -|        2|    no    |
        | + Loop 1.3      |    8|     29|           1|          -|          -|  8 ~ 29 |    no    |
        +-----------------+-----+-------+------------+-----------+-----------+---------+----------+

============================================================
+ Verbose Summary: Synthesis Manager
============================================================
InlineROM: 1
ExposeGlobal: 0
============================================================
+ Verbose Summary: CDFG Model
============================================================
IsTopModel: 0
ResetActiveHigh: 1
IsCombinational: 0
IsDatapathOnly: 0
HasWiredReturn: 1
HasMFsm: 0
HasVarLatency: 1
IsPipeline: 0
IsRtlPipelined: 0
IsInstanceOverlapped: 0
IsDontTouch: 0
HasImplIP: 0
IsGatedGlobalClock: 0


============================================================
+ Verbose Summary: Schedule
============================================================
* Number of FSM states : 15
* Pipeline : 0
* Dataflow Pipeline: 0

* FSM state transitions: 
1 --> 
	2  / true
2 --> 
	3  / true
3 --> 
	4  / true
4 --> 
	5  / true
5 --> 
	6  / true
6 --> 
	7  / true
7 --> 
	8  / (!exitcond1)
8 --> 
	9  / (exitcond2)
	8  / (!exitcond2)
9 --> 
	10  / true
10 --> 
	11  / (!exitcond7)
	15  / (exitcond7)
11 --> 
	12  / (!exitcond)
	14  / (exitcond)
12 --> 
	13  / true
13 --> 
	11  / true
14 --> 
	14  / (!exitcond5)
	10  / (exitcond5)
15 --> 
	15  / (!exitcond8)
	7  / (exitcond8)

* FSM state operations: 

State 1 <SV = 0> <Delay = 1.78>
ST_1 : Operation 16 [1/1] (0.00ns)   --->   "%input_width_read = call i6 @_ssdm_op_Read.ap_auto.i6(i6 %input_width)"   --->   Operation 16 'read' 'input_width_read' <Predicate = true> <Delay = 0.00>
ST_1 : Operation 17 [1/1] (0.00ns)   --->   "%tmp_28 = trunc i6 %input_width_read to i5" [layers_c/padding2d.cpp:13]   --->   Operation 17 'trunc' 'tmp_28' <Predicate = true> <Delay = 0.00>
ST_1 : Operation 18 [1/1] (1.78ns)   --->   "%tmp = add i5 2, %tmp_28" [layers_c/padding2d.cpp:13]   --->   Operation 18 'add' 'tmp' <Predicate = true> <Delay = 1.78> <Core = "AddSub">   --->   Core 14 'AddSub' <Latency = 0> <II = 1> <Delay = 1.78> <FuncUnit> <Opcode : 'add' 'sub'> <InPorts = 2> <OutPorts = 1>

State 2 <SV = 1> <Delay = 3.74>
ST_2 : Operation 19 [1/1] (0.00ns)   --->   "%input_height_read = call i6 @_ssdm_op_Read.ap_auto.i6(i6 %input_height)"   --->   Operation 19 'read' 'input_height_read' <Predicate = true> <Delay = 0.00>
ST_2 : Operation 20 [1/1] (0.00ns)   --->   "%input_height_cast3 = sext i6 %input_height_read to i7"   --->   Operation 20 'sext' 'input_height_cast3' <Predicate = true> <Delay = 0.00>
ST_2 : Operation 21 [1/1] (0.00ns)   --->   "%tmp_cast_cast = zext i5 %tmp to i12" [layers_c/padding2d.cpp:13]   --->   Operation 21 'zext' 'tmp_cast_cast' <Predicate = true> <Delay = 0.00>
ST_2 : Operation 22 [1/1] (0.00ns)   --->   "%input_height_cast1 = zext i7 %input_height_cast3 to i12" [layers_c/padding2d.cpp:13]   --->   Operation 22 'zext' 'input_height_cast1' <Predicate = true> <Delay = 0.00>
ST_2 : Operation 23 [1/1] (3.74ns)   --->   "%tmp_30 = mul i12 %tmp_cast_cast, %input_height_cast1" [layers_c/padding2d.cpp:13]   --->   Operation 23 'mul' 'tmp_30' <Predicate = true> <Delay = 3.74> <Core = "Mul">   --->   Core 16 'Mul' <Latency = 0> <II = 1> <Delay = 3.74> <FuncUnit> <Opcode : 'mul'> <InPorts = 2> <OutPorts = 1>
ST_2 : Operation 24 [1/1] (0.00ns)   --->   "%tmp_29 = trunc i12 %tmp_30 to i10" [layers_c/padding2d.cpp:13]   --->   Operation 24 'trunc' 'tmp_29' <Predicate = true> <Delay = 0.00>
ST_2 : Operation 25 [1/1] (1.78ns)   --->   "%tmp_31 = add i5 3, %tmp_28" [layers_c/padding2d.cpp:13]   --->   Operation 25 'add' 'tmp_31' <Predicate = true> <Delay = 1.78> <Core = "AddSub">   --->   Core 14 'AddSub' <Latency = 0> <II = 1> <Delay = 1.78> <FuncUnit> <Opcode : 'add' 'sub'> <InPorts = 2> <OutPorts = 1>
ST_2 : Operation 26 [1/1] (0.00ns)   --->   "%tmp_37 = trunc i12 %tmp_30 to i5" [layers_c/padding2d.cpp:13]   --->   Operation 26 'trunc' 'tmp_37' <Predicate = true> <Delay = 0.00>

State 3 <SV = 2> <Delay = 1.78>
ST_3 : Operation 27 [1/1] (1.78ns)   --->   "%tmp_6 = add i5 %tmp_37, %tmp_31" [layers_c/padding2d.cpp:13]   --->   Operation 27 'add' 'tmp_6' <Predicate = true> <Delay = 1.78> <Core = "AddSub">   --->   Core 14 'AddSub' <Latency = 0> <II = 1> <Delay = 1.78> <FuncUnit> <Opcode : 'add' 'sub'> <InPorts = 2> <OutPorts = 1>

State 4 <SV = 3> <Delay = 1.78>
ST_4 : Operation 28 [1/1] (1.78ns)   --->   "%tmp_7 = add i5 %tmp_28, %tmp_6" [layers_c/padding2d.cpp:13]   --->   Operation 28 'add' 'tmp_7' <Predicate = true> <Delay = 1.78> <Core = "AddSub">   --->   Core 14 'AddSub' <Latency = 0> <II = 1> <Delay = 1.78> <FuncUnit> <Opcode : 'add' 'sub'> <InPorts = 2> <OutPorts = 1>

State 5 <SV = 4> <Delay = 1.82>
ST_5 : Operation 29 [1/1] (0.00ns)   --->   "%tmp_40_cast8 = zext i5 %tmp_31 to i6" [layers_c/padding2d.cpp:13]   --->   Operation 29 'zext' 'tmp_40_cast8' <Predicate = true> <Delay = 0.00>
ST_5 : Operation 30 [1/1] (0.00ns)   --->   "%tmp_40_cast7 = zext i5 %tmp_31 to i10" [layers_c/padding2d.cpp:13]   --->   Operation 30 'zext' 'tmp_40_cast7' <Predicate = true> <Delay = 0.00>
ST_5 : Operation 31 [1/1] (1.78ns)   --->   "%tmp_32 = add i5 1, %tmp_28" [layers_c/padding2d.cpp:13]   --->   Operation 31 'add' 'tmp_32' <Predicate = true> <Delay = 1.78> <Core = "AddSub">   --->   Core 14 'AddSub' <Latency = 0> <II = 1> <Delay = 1.78> <FuncUnit> <Opcode : 'add' 'sub'> <InPorts = 2> <OutPorts = 1>
ST_5 : Operation 32 [1/1] (1.73ns)   --->   "%tmp1 = add i10 %tmp_40_cast7, %tmp_29" [layers_c/padding2d.cpp:13]   --->   Operation 32 'add' 'tmp1' <Predicate = true> <Delay = 1.73> <Core = "AddSub">   --->   Core 14 'AddSub' <Latency = 0> <II = 1> <Delay = 1.78> <FuncUnit> <Opcode : 'add' 'sub'> <InPorts = 2> <OutPorts = 1>
ST_5 : Operation 33 [1/1] (1.82ns)   --->   "%tmp_34 = add i6 %tmp_40_cast8, %input_width_read" [layers_c/padding2d.cpp:13]   --->   Operation 33 'add' 'tmp_34' <Predicate = true> <Delay = 1.82> <Core = "AddSub">   --->   Core 14 'AddSub' <Latency = 0> <II = 1> <Delay = 1.78> <FuncUnit> <Opcode : 'add' 'sub'> <InPorts = 2> <OutPorts = 1>
ST_5 : Operation 34 [1/1] (0.00ns)   --->   "%tmp_35 = shl i6 %input_width_read, 1" [layers_c/padding2d.cpp:13]   --->   Operation 34 'shl' 'tmp_35' <Predicate = true> <Delay = 0.00>
ST_5 : Operation 35 [1/1] (1.82ns)   --->   "%tmp_36 = add i6 5, %tmp_35" [layers_c/padding2d.cpp:13]   --->   Operation 35 'add' 'tmp_36' <Predicate = true> <Delay = 1.82> <Core = "AddSub">   --->   Core 14 'AddSub' <Latency = 0> <II = 1> <Delay = 1.78> <FuncUnit> <Opcode : 'add' 'sub'> <InPorts = 2> <OutPorts = 1>
ST_5 : Operation 36 [1/1] (1.78ns)   --->   "%tmp_8 = add i5 1, %tmp_7" [layers_c/padding2d.cpp:13]   --->   Operation 36 'add' 'tmp_8' <Predicate = true> <Delay = 1.78> <Core = "AddSub">   --->   Core 14 'AddSub' <Latency = 0> <II = 1> <Delay = 1.78> <FuncUnit> <Opcode : 'add' 'sub'> <InPorts = 2> <OutPorts = 1>
ST_5 : Operation 37 [1/1] (1.73ns)   --->   "%tmp3 = add i10 4, %tmp_29" [layers_c/padding2d.cpp:13]   --->   Operation 37 'add' 'tmp3' <Predicate = true> <Delay = 1.73> <Core = "AddSub">   --->   Core 14 'AddSub' <Latency = 0> <II = 1> <Delay = 1.78> <FuncUnit> <Opcode : 'add' 'sub'> <InPorts = 2> <OutPorts = 1>

State 6 <SV = 5> <Delay = 3.74>
ST_6 : Operation 38 [1/1] (0.00ns)   --->   "%input_depth_read = call i7 @_ssdm_op_Read.ap_auto.i7(i7 %input_depth)"   --->   Operation 38 'read' 'input_depth_read' <Predicate = true> <Delay = 0.00>
ST_6 : Operation 39 [1/1] (0.00ns)   --->   "%input_width_cast = sext i6 %input_width_read to i7"   --->   Operation 39 'sext' 'input_width_cast' <Predicate = true> <Delay = 0.00>
ST_6 : Operation 40 [1/1] (0.00ns)   --->   "call void (...)* @_ssdm_op_SpecResourceLimit(i32 0, [4 x i8]* @p_str, [1 x i8]* @p_str1, [1 x i8]* @p_str1, [1 x i8]* @p_str1) nounwind" [layers_c/padding2d.cpp:8]   --->   Operation 40 'specresourcelimit' <Predicate = true> <Delay = 0.00>
ST_6 : Operation 41 [1/1] (0.00ns)   --->   "call void (...)* @_ssdm_op_SpecResourceLimit(i32 0, [4 x i8]* @p_str2, [1 x i8]* @p_str1, [1 x i8]* @p_str1, [1 x i8]* @p_str1) nounwind" [layers_c/padding2d.cpp:9]   --->   Operation 41 'specresourcelimit' <Predicate = true> <Delay = 0.00>
ST_6 : Operation 42 [1/1] (0.00ns)   --->   "%tmp_cast = zext i5 %tmp to i14" [layers_c/padding2d.cpp:13]   --->   Operation 42 'zext' 'tmp_cast' <Predicate = true> <Delay = 0.00>
ST_6 : Operation 43 [1/1] (0.00ns)   --->   "%input_width_cast2 = zext i7 %input_width_cast to i14" [layers_c/padding2d.cpp:13]   --->   Operation 43 'zext' 'input_width_cast2' <Predicate = true> <Delay = 0.00>
ST_6 : Operation 44 [1/1] (0.00ns)   --->   "%input_height_cast = zext i7 %input_height_cast3 to i14" [layers_c/padding2d.cpp:13]   --->   Operation 44 'zext' 'input_height_cast' <Predicate = true> <Delay = 0.00>
ST_6 : Operation 45 [1/1] (3.74ns)   --->   "%tmp_s = mul i14 %input_width_cast2, %input_height_cast" [layers_c/padding2d.cpp:13]   --->   Operation 45 'mul' 'tmp_s' <Predicate = true> <Delay = 3.74> <Core = "Mul">   --->   Core 16 'Mul' <Latency = 0> <II = 1> <Delay = 3.74> <FuncUnit> <Opcode : 'mul'> <InPorts = 2> <OutPorts = 1>
ST_6 : Operation 46 [1/1] (0.00ns)   --->   "%tmp_39_cast1 = zext i12 %tmp_30 to i16" [layers_c/padding2d.cpp:13]   --->   Operation 46 'zext' 'tmp_39_cast1' <Predicate = true> <Delay = 0.00>
ST_6 : Operation 47 [1/1] (0.00ns)   --->   "%tmp_40_cast9 = zext i5 %tmp_31 to i16" [layers_c/padding2d.cpp:13]   --->   Operation 47 'zext' 'tmp_40_cast9' <Predicate = true> <Delay = 0.00>
ST_6 : Operation 48 [1/1] (0.00ns)   --->   "%tmp_40_cast = zext i5 %tmp_31 to i14" [layers_c/padding2d.cpp:13]   --->   Operation 48 'zext' 'tmp_40_cast' <Predicate = true> <Delay = 0.00>
ST_6 : Operation 49 [1/1] (0.00ns)   --->   "%tmp_41_cast6 = zext i5 %tmp_32 to i16" [layers_c/padding2d.cpp:13]   --->   Operation 49 'zext' 'tmp_41_cast6' <Predicate = true> <Delay = 0.00>
ST_6 : Operation 50 [1/1] (0.00ns)   --->   "%tmp_41_cast = zext i5 %tmp_32 to i10" [layers_c/padding2d.cpp:13]   --->   Operation 50 'zext' 'tmp_41_cast' <Predicate = true> <Delay = 0.00>
ST_6 : Operation 51 [1/1] (1.73ns)   --->   "%tmp_33 = add i10 %tmp1, %tmp_41_cast" [layers_c/padding2d.cpp:13]   --->   Operation 51 'add' 'tmp_33' <Predicate = true> <Delay = 1.73> <Core = "AddSub">   --->   Core 14 'AddSub' <Latency = 0> <II = 1> <Delay = 1.78> <FuncUnit> <Opcode : 'add' 'sub'> <InPorts = 2> <OutPorts = 1>
ST_6 : Operation 52 [1/1] (0.00ns)   --->   "%tmp_43_cast = zext i10 %tmp_33 to i14" [layers_c/padding2d.cpp:13]   --->   Operation 52 'zext' 'tmp_43_cast' <Predicate = true> <Delay = 0.00>
ST_6 : Operation 53 [1/1] (0.00ns)   --->   "%tmp_44_cast = zext i6 %tmp_34 to i14" [layers_c/padding2d.cpp:13]   --->   Operation 53 'zext' 'tmp_44_cast' <Predicate = true> <Delay = 0.00>
ST_6 : Operation 54 [1/1] (0.00ns)   --->   "%tmp_48_cast = zext i6 %tmp_35 to i10" [layers_c/padding2d.cpp:13]   --->   Operation 54 'zext' 'tmp_48_cast' <Predicate = true> <Delay = 0.00>
ST_6 : Operation 55 [1/1] (0.00ns)   --->   "%tmp_49_cast = zext i6 %tmp_36 to i14" [layers_c/padding2d.cpp:13]   --->   Operation 55 'zext' 'tmp_49_cast' <Predicate = true> <Delay = 0.00>
ST_6 : Operation 56 [1/1] (1.78ns)   --->   "%tmp_9 = add i5 %tmp_6, %tmp_32" [layers_c/padding2d.cpp:13]   --->   Operation 56 'add' 'tmp_9' <Predicate = true> <Delay = 1.78> <Core = "AddSub">   --->   Core 14 'AddSub' <Latency = 0> <II = 1> <Delay = 1.78> <FuncUnit> <Opcode : 'add' 'sub'> <InPorts = 2> <OutPorts = 1>
ST_6 : Operation 57 [1/1] (0.00ns)   --->   "%tmp_38 = trunc i7 %input_depth_read to i6" [layers_c/padding2d.cpp:13]   --->   Operation 57 'trunc' 'tmp_38' <Predicate = true> <Delay = 0.00>
ST_6 : Operation 58 [1/1] (1.73ns)   --->   "%tmp_3 = add i10 %tmp_48_cast, %tmp3" [layers_c/padding2d.cpp:13]   --->   Operation 58 'add' 'tmp_3' <Predicate = true> <Delay = 1.73> <Core = "AddSub">   --->   Core 14 'AddSub' <Latency = 0> <II = 1> <Delay = 1.78> <FuncUnit> <Opcode : 'add' 'sub'> <InPorts = 2> <OutPorts = 1>
ST_6 : Operation 59 [1/1] (0.00ns)   --->   "%p_cast = zext i10 %tmp_3 to i14" [layers_c/padding2d.cpp:13]   --->   Operation 59 'zext' 'p_cast' <Predicate = true> <Delay = 0.00>
ST_6 : Operation 60 [1/1] (1.76ns)   --->   "br label %1" [layers_c/padding2d.cpp:13]   --->   Operation 60 'br' <Predicate = true> <Delay = 1.76>

State 7 <SV = 6> <Delay = 1.78>
ST_7 : Operation 61 [1/1] (0.00ns)   --->   "%indvars_iv9 = phi i5 [ %indvars_iv_next3, %15 ], [ %tmp_31, %0 ]" [layers_c/padding2d.cpp:13]   --->   Operation 61 'phi' 'indvars_iv9' <Predicate = true> <Delay = 0.00>
ST_7 : Operation 62 [1/1] (0.00ns)   --->   "%indvars_iv4 = phi i5 [ %indvars_iv_next6, %15 ], [ %tmp_8, %0 ]" [layers_c/padding2d.cpp:13]   --->   Operation 62 'phi' 'indvars_iv4' <Predicate = true> <Delay = 0.00>
ST_7 : Operation 63 [1/1] (0.00ns)   --->   "%indvars_iv1 = phi i14 [ %indvars_iv_next2, %15 ], [ %tmp_49_cast, %0 ]" [layers_c/padding2d.cpp:13]   --->   Operation 63 'phi' 'indvars_iv1' <Predicate = true> <Delay = 0.00>
ST_7 : Operation 64 [1/1] (0.00ns)   --->   "%indvars_iv = phi i14 [ %indvars_iv_next1, %15 ], [ %tmp_44_cast, %0 ]" [layers_c/padding2d.cpp:13]   --->   Operation 64 'phi' 'indvars_iv' <Predicate = true> <Delay = 0.00>
ST_7 : Operation 65 [1/1] (0.00ns)   --->   "%indvars_iv2 = phi i14 [ %indvars_iv_next, %15 ], [ %tmp_40_cast, %0 ]" [layers_c/padding2d.cpp:13]   --->   Operation 65 'phi' 'indvars_iv2' <Predicate = true> <Delay = 0.00>
ST_7 : Operation 66 [1/1] (0.00ns)   --->   "%o_count = phi i16 [ %tmp_42, %15 ], [ 0, %0 ]" [layers_c/padding2d.cpp:18]   --->   Operation 66 'phi' 'o_count' <Predicate = true> <Delay = 0.00>
ST_7 : Operation 67 [1/1] (0.00ns)   --->   "%i_count = phi i14 [ %i_count_3, %15 ], [ 0, %0 ]"   --->   Operation 67 'phi' 'i_count' <Predicate = true> <Delay = 0.00>
ST_7 : Operation 68 [1/1] (0.00ns)   --->   "%depth = phi i5 [ %depth_1, %15 ], [ 0, %0 ]"   --->   Operation 68 'phi' 'depth' <Predicate = true> <Delay = 0.00>
ST_7 : Operation 69 [1/1] (0.00ns)   --->   "%depth_cast = zext i5 %depth to i6" [layers_c/padding2d.cpp:13]   --->   Operation 69 'zext' 'depth_cast' <Predicate = true> <Delay = 0.00>
ST_7 : Operation 70 [1/1] (1.42ns)   --->   "%exitcond1 = icmp eq i6 %depth_cast, %tmp_38" [layers_c/padding2d.cpp:13]   --->   Operation 70 'icmp' 'exitcond1' <Predicate = true> <Delay = 1.42> <Core = "Cmp">   --->   Core 25 'Cmp' <Latency = 0> <II = 1> <Delay = 1.36> <FuncUnit> <Opcode : 'icmp'> <InPorts = 2> <OutPorts = 1>
ST_7 : Operation 71 [1/1] (0.00ns)   --->   "%empty = call i32 (...)* @_ssdm_op_SpecLoopTripCount(i64 1, i64 16, i64 0)"   --->   Operation 71 'speclooptripcount' 'empty' <Predicate = true> <Delay = 0.00>
ST_7 : Operation 72 [1/1] (1.78ns)   --->   "%depth_1 = add i5 %depth, 1" [layers_c/padding2d.cpp:13]   --->   Operation 72 'add' 'depth_1' <Predicate = true> <Delay = 1.78> <Core = "AddSub">   --->   Core 14 'AddSub' <Latency = 0> <II = 1> <Delay = 1.78> <FuncUnit> <Opcode : 'add' 'sub'> <InPorts = 2> <OutPorts = 1>
ST_7 : Operation 73 [1/1] (0.00ns)   --->   "br i1 %exitcond1, label %16, label %.preheader.preheader" [layers_c/padding2d.cpp:13]   --->   Operation 73 'br' <Predicate = true> <Delay = 0.00>
ST_7 : Operation 74 [1/1] (1.76ns)   --->   "br label %.preheader"   --->   Operation 74 'br' <Predicate = (!exitcond1)> <Delay = 1.76>
ST_7 : Operation 75 [1/1] (0.00ns)   --->   "ret void"   --->   Operation 75 'ret' <Predicate = (exitcond1)> <Delay = 0.00>

State 8 <SV = 7> <Delay = 2.07>
ST_8 : Operation 76 [1/1] (0.00ns)   --->   "%o_count_1 = phi i16 [ %tmp_41, %2 ], [ %o_count, %.preheader.preheader ]" [layers_c/padding2d.cpp:18]   --->   Operation 76 'phi' 'o_count_1' <Predicate = true> <Delay = 0.00>
ST_8 : Operation 77 [1/1] (0.00ns)   --->   "%empty_25 = call i32 (...)* @_ssdm_op_SpecLoopTripCount(i64 10, i64 31, i64 0)"   --->   Operation 77 'speclooptripcount' 'empty_25' <Predicate = true> <Delay = 0.00>
ST_8 : Operation 78 [1/1] (0.00ns)   --->   "%tmp_50 = trunc i16 %o_count_1 to i5" [layers_c/padding2d.cpp:15]   --->   Operation 78 'trunc' 'tmp_50' <Predicate = true> <Delay = 0.00>
ST_8 : Operation 79 [1/1] (1.36ns)   --->   "%exitcond2 = icmp eq i5 %tmp_50, %indvars_iv9" [layers_c/padding2d.cpp:15]   --->   Operation 79 'icmp' 'exitcond2' <Predicate = true> <Delay = 1.36> <Core = "Cmp">   --->   Core 25 'Cmp' <Latency = 0> <II = 1> <Delay = 1.36> <FuncUnit> <Opcode : 'icmp'> <InPorts = 2> <OutPorts = 1>
ST_8 : Operation 80 [1/1] (0.00ns)   --->   "br i1 %exitcond2, label %3, label %2" [layers_c/padding2d.cpp:15]   --->   Operation 80 'br' <Predicate = true> <Delay = 0.00>
ST_8 : Operation 81 [1/1] (0.00ns)   --->   "%tmp_40 = zext i16 %o_count_1 to i64" [layers_c/padding2d.cpp:17]   --->   Operation 81 'zext' 'tmp_40' <Predicate = (!exitcond2)> <Delay = 0.00>
ST_8 : Operation 82 [1/1] (0.00ns)   --->   "%output_addr = getelementptr [14400 x i16]* %output_r, i64 0, i64 %tmp_40" [layers_c/padding2d.cpp:17]   --->   Operation 82 'getelementptr' 'output_addr' <Predicate = (!exitcond2)> <Delay = 0.00>
ST_8 : Operation 83 [1/1] (1.68ns)   --->   "store i16 0, i16* %output_addr, align 2" [layers_c/padding2d.cpp:17]   --->   Operation 83 'store' <Predicate = (!exitcond2)> <Delay = 1.68> <Core = "RAM">   --->   Core 37 'RAM' <Latency = 1> <II = 1> <Delay = 1.68> <Storage> <Opcode : 'load' 'store'> <Ports = 2> <Width = 16> <Depth = 14400> <RAM>
ST_8 : Operation 84 [1/1] (2.07ns)   --->   "%tmp_41 = add i16 %o_count_1, 1" [layers_c/padding2d.cpp:18]   --->   Operation 84 'add' 'tmp_41' <Predicate = (!exitcond2)> <Delay = 2.07> <Core = "AddSub">   --->   Core 14 'AddSub' <Latency = 0> <II = 1> <Delay = 1.78> <FuncUnit> <Opcode : 'add' 'sub'> <InPorts = 2> <OutPorts = 1>
ST_8 : Operation 85 [1/1] (0.00ns)   --->   "br label %.preheader" [layers_c/padding2d.cpp:15]   --->   Operation 85 'br' <Predicate = (!exitcond2)> <Delay = 0.00>
ST_8 : Operation 86 [1/1] (1.81ns)   --->   "%i_count_3 = add i14 %tmp_s, %i_count" [layers_c/padding2d.cpp:26]   --->   Operation 86 'add' 'i_count_3' <Predicate = (exitcond2)> <Delay = 1.81> <Core = "AddSub">   --->   Core 14 'AddSub' <Latency = 0> <II = 1> <Delay = 1.78> <FuncUnit> <Opcode : 'add' 'sub'> <InPorts = 2> <OutPorts = 1>
ST_8 : Operation 87 [1/1] (2.07ns)   --->   "%tmp2 = add i16 %tmp_40_cast9, %o_count" [layers_c/padding2d.cpp:21]   --->   Operation 87 'add' 'tmp2' <Predicate = (exitcond2)> <Delay = 2.07> <Core = "AddSub">   --->   Core 14 'AddSub' <Latency = 0> <II = 1> <Delay = 1.78> <FuncUnit> <Opcode : 'add' 'sub'> <InPorts = 2> <OutPorts = 1>

State 9 <SV = 8> <Delay = 2.07>
ST_9 : Operation 88 [1/1] (2.07ns)   --->   "%tmp_39 = add i16 %tmp2, %tmp_39_cast1" [layers_c/padding2d.cpp:21]   --->   Operation 88 'add' 'tmp_39' <Predicate = true> <Delay = 2.07> <Core = "AddSub">   --->   Core 14 'AddSub' <Latency = 0> <II = 1> <Delay = 1.78> <FuncUnit> <Opcode : 'add' 'sub'> <InPorts = 2> <OutPorts = 1>
ST_9 : Operation 89 [1/1] (1.76ns)   --->   "br label %4" [layers_c/padding2d.cpp:21]   --->   Operation 89 'br' <Predicate = true> <Delay = 1.76>

State 10 <SV = 9> <Delay = 2.07>
ST_10 : Operation 90 [1/1] (0.00ns)   --->   "%indvars_iv3 = phi i14 [ %indvars_iv_next4, %11 ], [ %indvars_iv1, %3 ]" [layers_c/padding2d.cpp:21]   --->   Operation 90 'phi' 'indvars_iv3' <Predicate = true> <Delay = 0.00>
ST_10 : Operation 91 [1/1] (0.00ns)   --->   "%o_count_6 = phi i14 [ %indvars_iv_next5, %11 ], [ %indvars_iv, %3 ]" [layers_c/padding2d.cpp:21]   --->   Operation 91 'phi' 'o_count_6' <Predicate = true> <Delay = 0.00>
ST_10 : Operation 92 [1/1] (0.00ns)   --->   "%o_count_2 = phi i14 [ %tmp_45, %11 ], [ %indvars_iv2, %3 ]" [layers_c/padding2d.cpp:18]   --->   Operation 92 'phi' 'o_count_2' <Predicate = true> <Delay = 0.00>
ST_10 : Operation 93 [1/1] (0.00ns)   --->   "%i_count_1 = phi i14 [ %tmp_43, %11 ], [ %i_count, %3 ]" [layers_c/padding2d.cpp:26]   --->   Operation 93 'phi' 'i_count_1' <Predicate = true> <Delay = 0.00>
ST_10 : Operation 94 [1/1] (0.00ns)   --->   "%height = phi i5 [ %height_1, %11 ], [ 0, %3 ]"   --->   Operation 94 'phi' 'height' <Predicate = true> <Delay = 0.00>
ST_10 : Operation 95 [1/1] (0.00ns)   --->   "%height_cast = zext i5 %height to i6" [layers_c/padding2d.cpp:18]   --->   Operation 95 'zext' 'height_cast' <Predicate = true> <Delay = 0.00>
ST_10 : Operation 96 [1/1] (1.42ns)   --->   "%exitcond7 = icmp eq i6 %height_cast, %input_height_read" [layers_c/padding2d.cpp:21]   --->   Operation 96 'icmp' 'exitcond7' <Predicate = true> <Delay = 1.42> <Core = "Cmp">   --->   Core 25 'Cmp' <Latency = 0> <II = 1> <Delay = 1.36> <FuncUnit> <Opcode : 'icmp'> <InPorts = 2> <OutPorts = 1>
ST_10 : Operation 97 [1/1] (0.00ns)   --->   "%empty_26 = call i32 (...)* @_ssdm_op_SpecLoopTripCount(i64 7, i64 28, i64 0)"   --->   Operation 97 'speclooptripcount' 'empty_26' <Predicate = true> <Delay = 0.00>
ST_10 : Operation 98 [1/1] (1.78ns)   --->   "%height_1 = add i5 %height, 1" [layers_c/padding2d.cpp:21]   --->   Operation 98 'add' 'height_1' <Predicate = true> <Delay = 1.78> <Core = "AddSub">   --->   Core 14 'AddSub' <Latency = 0> <II = 1> <Delay = 1.78> <FuncUnit> <Opcode : 'add' 'sub'> <InPorts = 2> <OutPorts = 1>
ST_10 : Operation 99 [1/1] (0.00ns)   --->   "br i1 %exitcond7, label %12, label %5" [layers_c/padding2d.cpp:21]   --->   Operation 99 'br' <Predicate = true> <Delay = 0.00>
ST_10 : Operation 100 [1/1] (1.81ns)   --->   "%tmp_43 = add i14 %input_width_cast2, %i_count_1" [layers_c/padding2d.cpp:26]   --->   Operation 100 'add' 'tmp_43' <Predicate = (!exitcond7)> <Delay = 1.81> <Core = "AddSub">   --->   Core 14 'AddSub' <Latency = 0> <II = 1> <Delay = 1.78> <FuncUnit> <Opcode : 'add' 'sub'> <InPorts = 2> <OutPorts = 1>
ST_10 : Operation 101 [1/1] (1.76ns)   --->   "br label %6" [layers_c/padding2d.cpp:23]   --->   Operation 101 'br' <Predicate = (!exitcond7)> <Delay = 1.76>
ST_10 : Operation 102 [1/1] (2.07ns)   --->   "%tmp_42 = add i16 %tmp_39, %tmp_41_cast6" [layers_c/padding2d.cpp:18]   --->   Operation 102 'add' 'tmp_42' <Predicate = (exitcond7)> <Delay = 2.07> <Core = "AddSub">   --->   Core 14 'AddSub' <Latency = 0> <II = 1> <Delay = 1.78> <FuncUnit> <Opcode : 'add' 'sub'> <InPorts = 2> <OutPorts = 1>
ST_10 : Operation 103 [1/1] (1.76ns)   --->   "br label %13" [layers_c/padding2d.cpp:37]   --->   Operation 103 'br' <Predicate = (exitcond7)> <Delay = 1.76>

State 11 <SV = 10> <Delay = 2.20>
ST_11 : Operation 104 [1/1] (0.00ns)   --->   "%o_count_3 = phi i14 [ %o_count_2, %5 ], [ %o_count_8, %7 ]"   --->   Operation 104 'phi' 'o_count_3' <Predicate = true> <Delay = 0.00>
ST_11 : Operation 105 [1/1] (0.00ns)   --->   "%i_count_2 = phi i14 [ %i_count_1, %5 ], [ %tmp_48, %7 ]" [layers_c/padding2d.cpp:26]   --->   Operation 105 'phi' 'i_count_2' <Predicate = true> <Delay = 0.00>
ST_11 : Operation 106 [1/1] (2.20ns)   --->   "%exitcond = icmp eq i14 %o_count_3, %o_count_6" [layers_c/padding2d.cpp:23]   --->   Operation 106 'icmp' 'exitcond' <Predicate = true> <Delay = 2.20> <Core = "Cmp">   --->   Core 25 'Cmp' <Latency = 0> <II = 1> <Delay = 1.36> <FuncUnit> <Opcode : 'icmp'> <InPorts = 2> <OutPorts = 1>
ST_11 : Operation 107 [1/1] (0.00ns)   --->   "%empty_27 = call i32 (...)* @_ssdm_op_SpecLoopTripCount(i64 7, i64 28, i64 0)"   --->   Operation 107 'speclooptripcount' 'empty_27' <Predicate = true> <Delay = 0.00>
ST_11 : Operation 108 [1/1] (0.00ns)   --->   "br i1 %exitcond, label %8, label %7" [layers_c/padding2d.cpp:23]   --->   Operation 108 'br' <Predicate = true> <Delay = 0.00>
ST_11 : Operation 109 [1/1] (0.00ns)   --->   "%tmp_46 = zext i14 %i_count_2 to i64" [layers_c/padding2d.cpp:25]   --->   Operation 109 'zext' 'tmp_46' <Predicate = (!exitcond)> <Delay = 0.00>
ST_11 : Operation 110 [1/1] (0.00ns)   --->   "%input_addr = getelementptr [14400 x i16]* %input_r, i64 0, i64 %tmp_46" [layers_c/padding2d.cpp:25]   --->   Operation 110 'getelementptr' 'input_addr' <Predicate = (!exitcond)> <Delay = 0.00>
ST_11 : Operation 111 [2/2] (1.68ns)   --->   "%input_load = load i16* %input_addr, align 2" [layers_c/padding2d.cpp:25]   --->   Operation 111 'load' 'input_load' <Predicate = (!exitcond)> <Delay = 1.68> <Core = "RAM">   --->   Core 37 'RAM' <Latency = 1> <II = 1> <Delay = 1.68> <Storage> <Opcode : 'load' 'store'> <Ports = 2> <Width = 16> <Depth = 14400> <RAM>
ST_11 : Operation 112 [1/1] (1.81ns)   --->   "%tmp_48 = add i14 %i_count_2, 1" [layers_c/padding2d.cpp:26]   --->   Operation 112 'add' 'tmp_48' <Predicate = (!exitcond)> <Delay = 1.81> <Core = "AddSub">   --->   Core 14 'AddSub' <Latency = 0> <II = 1> <Delay = 1.78> <FuncUnit> <Opcode : 'add' 'sub'> <InPorts = 2> <OutPorts = 1>
ST_11 : Operation 113 [1/1] (1.81ns)   --->   "%tmp_45 = add i14 %tmp_cast, %o_count_2" [layers_c/padding2d.cpp:18]   --->   Operation 113 'add' 'tmp_45' <Predicate = (exitcond)> <Delay = 1.81> <Core = "AddSub">   --->   Core 14 'AddSub' <Latency = 0> <II = 1> <Delay = 1.78> <FuncUnit> <Opcode : 'add' 'sub'> <InPorts = 2> <OutPorts = 1>
ST_11 : Operation 114 [1/1] (1.76ns)   --->   "br label %9" [layers_c/padding2d.cpp:30]   --->   Operation 114 'br' <Predicate = (exitcond)> <Delay = 1.76>

State 12 <SV = 11> <Delay = 1.68>
ST_12 : Operation 115 [1/2] (1.68ns)   --->   "%input_load = load i16* %input_addr, align 2" [layers_c/padding2d.cpp:25]   --->   Operation 115 'load' 'input_load' <Predicate = true> <Delay = 1.68> <Core = "RAM">   --->   Core 37 'RAM' <Latency = 1> <II = 1> <Delay = 1.68> <Storage> <Opcode : 'load' 'store'> <Ports = 2> <Width = 16> <Depth = 14400> <RAM>

State 13 <SV = 12> <Delay = 1.81>
ST_13 : Operation 116 [1/1] (0.00ns)   --->   "%tmp_47 = zext i14 %o_count_3 to i64" [layers_c/padding2d.cpp:25]   --->   Operation 116 'zext' 'tmp_47' <Predicate = true> <Delay = 0.00>
ST_13 : Operation 117 [1/1] (0.00ns)   --->   "%output_addr_2 = getelementptr [14400 x i16]* %output_r, i64 0, i64 %tmp_47" [layers_c/padding2d.cpp:25]   --->   Operation 117 'getelementptr' 'output_addr_2' <Predicate = true> <Delay = 0.00>
ST_13 : Operation 118 [1/1] (1.68ns)   --->   "store i16 %input_load, i16* %output_addr_2, align 2" [layers_c/padding2d.cpp:25]   --->   Operation 118 'store' <Predicate = true> <Delay = 1.68> <Core = "RAM">   --->   Core 37 'RAM' <Latency = 1> <II = 1> <Delay = 1.68> <Storage> <Opcode : 'load' 'store'> <Ports = 2> <Width = 16> <Depth = 14400> <RAM>
ST_13 : Operation 119 [1/1] (1.81ns)   --->   "%o_count_8 = add i14 %o_count_3, 1" [layers_c/padding2d.cpp:27]   --->   Operation 119 'add' 'o_count_8' <Predicate = true> <Delay = 1.81> <Core = "AddSub">   --->   Core 14 'AddSub' <Latency = 0> <II = 1> <Delay = 1.78> <FuncUnit> <Opcode : 'add' 'sub'> <InPorts = 2> <OutPorts = 1>
ST_13 : Operation 120 [1/1] (0.00ns)   --->   "br label %6" [layers_c/padding2d.cpp:23]   --->   Operation 120 'br' <Predicate = true> <Delay = 0.00>

State 14 <SV = 11> <Delay = 2.20>
ST_14 : Operation 121 [1/1] (0.00ns)   --->   "%o_count_4 = phi i14 [ %o_count_6, %8 ], [ %o_count_9, %10 ]"   --->   Operation 121 'phi' 'o_count_4' <Predicate = true> <Delay = 0.00>
ST_14 : Operation 122 [1/1] (2.20ns)   --->   "%exitcond5 = icmp eq i14 %o_count_4, %indvars_iv3" [layers_c/padding2d.cpp:30]   --->   Operation 122 'icmp' 'exitcond5' <Predicate = true> <Delay = 2.20> <Core = "Cmp">   --->   Core 25 'Cmp' <Latency = 0> <II = 1> <Delay = 1.36> <FuncUnit> <Opcode : 'icmp'> <InPorts = 2> <OutPorts = 1>
ST_14 : Operation 123 [1/1] (0.00ns)   --->   "%empty_28 = call i32 (...)* @_ssdm_op_SpecLoopTripCount(i64 2, i64 2, i64 2)"   --->   Operation 123 'speclooptripcount' 'empty_28' <Predicate = true> <Delay = 0.00>
ST_14 : Operation 124 [1/1] (0.00ns)   --->   "br i1 %exitcond5, label %11, label %10" [layers_c/padding2d.cpp:30]   --->   Operation 124 'br' <Predicate = true> <Delay = 0.00>
ST_14 : Operation 125 [1/1] (0.00ns)   --->   "%tmp_49 = zext i14 %o_count_4 to i64" [layers_c/padding2d.cpp:32]   --->   Operation 125 'zext' 'tmp_49' <Predicate = (!exitcond5)> <Delay = 0.00>
ST_14 : Operation 126 [1/1] (0.00ns)   --->   "%output_addr_3 = getelementptr [14400 x i16]* %output_r, i64 0, i64 %tmp_49" [layers_c/padding2d.cpp:32]   --->   Operation 126 'getelementptr' 'output_addr_3' <Predicate = (!exitcond5)> <Delay = 0.00>
ST_14 : Operation 127 [1/1] (1.68ns)   --->   "store i16 0, i16* %output_addr_3, align 2" [layers_c/padding2d.cpp:32]   --->   Operation 127 'store' <Predicate = (!exitcond5)> <Delay = 1.68> <Core = "RAM">   --->   Core 37 'RAM' <Latency = 1> <II = 1> <Delay = 1.68> <Storage> <Opcode : 'load' 'store'> <Ports = 2> <Width = 16> <Depth = 14400> <RAM>
ST_14 : Operation 128 [1/1] (1.81ns)   --->   "%o_count_9 = add i14 %o_count_4, 1" [layers_c/padding2d.cpp:33]   --->   Operation 128 'add' 'o_count_9' <Predicate = (!exitcond5)> <Delay = 1.81> <Core = "AddSub">   --->   Core 14 'AddSub' <Latency = 0> <II = 1> <Delay = 1.78> <FuncUnit> <Opcode : 'add' 'sub'> <InPorts = 2> <OutPorts = 1>
ST_14 : Operation 129 [1/1] (0.00ns)   --->   "br label %9" [layers_c/padding2d.cpp:30]   --->   Operation 129 'br' <Predicate = (!exitcond5)> <Delay = 0.00>
ST_14 : Operation 130 [1/1] (1.81ns)   --->   "%indvars_iv_next5 = add i14 %tmp_cast, %o_count_6" [layers_c/padding2d.cpp:21]   --->   Operation 130 'add' 'indvars_iv_next5' <Predicate = (exitcond5)> <Delay = 1.81> <Core = "AddSub">   --->   Core 14 'AddSub' <Latency = 0> <II = 1> <Delay = 1.78> <FuncUnit> <Opcode : 'add' 'sub'> <InPorts = 2> <OutPorts = 1>
ST_14 : Operation 131 [1/1] (1.81ns)   --->   "%indvars_iv_next4 = add i14 %tmp_cast, %indvars_iv3" [layers_c/padding2d.cpp:21]   --->   Operation 131 'add' 'indvars_iv_next4' <Predicate = (exitcond5)> <Delay = 1.81> <Core = "AddSub">   --->   Core 14 'AddSub' <Latency = 0> <II = 1> <Delay = 1.78> <FuncUnit> <Opcode : 'add' 'sub'> <InPorts = 2> <OutPorts = 1>
ST_14 : Operation 132 [1/1] (0.00ns)   --->   "br label %4" [layers_c/padding2d.cpp:21]   --->   Operation 132 'br' <Predicate = (exitcond5)> <Delay = 0.00>

State 15 <SV = 10> <Delay = 2.07>
ST_15 : Operation 133 [1/1] (0.00ns)   --->   "%o_count_5 = phi i16 [ %tmp_39, %12 ], [ %o_count_7, %14 ]"   --->   Operation 133 'phi' 'o_count_5' <Predicate = true> <Delay = 0.00>
ST_15 : Operation 134 [1/1] (0.00ns)   --->   "%empty_29 = call i32 (...)* @_ssdm_op_SpecLoopTripCount(i64 8, i64 29, i64 0)"   --->   Operation 134 'speclooptripcount' 'empty_29' <Predicate = true> <Delay = 0.00>
ST_15 : Operation 135 [1/1] (0.00ns)   --->   "%tmp_51 = trunc i16 %o_count_5 to i5" [layers_c/padding2d.cpp:37]   --->   Operation 135 'trunc' 'tmp_51' <Predicate = true> <Delay = 0.00>
ST_15 : Operation 136 [1/1] (1.36ns)   --->   "%exitcond8 = icmp eq i5 %tmp_51, %indvars_iv4" [layers_c/padding2d.cpp:37]   --->   Operation 136 'icmp' 'exitcond8' <Predicate = true> <Delay = 1.36> <Core = "Cmp">   --->   Core 25 'Cmp' <Latency = 0> <II = 1> <Delay = 1.36> <FuncUnit> <Opcode : 'icmp'> <InPorts = 2> <OutPorts = 1>
ST_15 : Operation 137 [1/1] (0.00ns)   --->   "br i1 %exitcond8, label %15, label %14" [layers_c/padding2d.cpp:37]   --->   Operation 137 'br' <Predicate = true> <Delay = 0.00>
ST_15 : Operation 138 [1/1] (0.00ns)   --->   "%tmp_44 = zext i16 %o_count_5 to i64" [layers_c/padding2d.cpp:39]   --->   Operation 138 'zext' 'tmp_44' <Predicate = (!exitcond8)> <Delay = 0.00>
ST_15 : Operation 139 [1/1] (0.00ns)   --->   "%output_addr_1 = getelementptr [14400 x i16]* %output_r, i64 0, i64 %tmp_44" [layers_c/padding2d.cpp:39]   --->   Operation 139 'getelementptr' 'output_addr_1' <Predicate = (!exitcond8)> <Delay = 0.00>
ST_15 : Operation 140 [1/1] (1.68ns)   --->   "store i16 0, i16* %output_addr_1, align 2" [layers_c/padding2d.cpp:39]   --->   Operation 140 'store' <Predicate = (!exitcond8)> <Delay = 1.68> <Core = "RAM">   --->   Core 37 'RAM' <Latency = 1> <II = 1> <Delay = 1.68> <Storage> <Opcode : 'load' 'store'> <Ports = 2> <Width = 16> <Depth = 14400> <RAM>
ST_15 : Operation 141 [1/1] (2.07ns)   --->   "%o_count_7 = add i16 %o_count_5, 1" [layers_c/padding2d.cpp:40]   --->   Operation 141 'add' 'o_count_7' <Predicate = (!exitcond8)> <Delay = 2.07> <Core = "AddSub">   --->   Core 14 'AddSub' <Latency = 0> <II = 1> <Delay = 1.78> <FuncUnit> <Opcode : 'add' 'sub'> <InPorts = 2> <OutPorts = 1>
ST_15 : Operation 142 [1/1] (0.00ns)   --->   "br label %13" [layers_c/padding2d.cpp:37]   --->   Operation 142 'br' <Predicate = (!exitcond8)> <Delay = 0.00>
ST_15 : Operation 143 [1/1] (1.81ns)   --->   "%indvars_iv_next = add i14 %tmp_43_cast, %indvars_iv2" [layers_c/padding2d.cpp:13]   --->   Operation 143 'add' 'indvars_iv_next' <Predicate = (exitcond8)> <Delay = 1.81> <Core = "AddSub">   --->   Core 14 'AddSub' <Latency = 0> <II = 1> <Delay = 1.78> <FuncUnit> <Opcode : 'add' 'sub'> <InPorts = 2> <OutPorts = 1>
ST_15 : Operation 144 [1/1] (1.81ns)   --->   "%indvars_iv_next1 = add i14 %tmp_43_cast, %indvars_iv" [layers_c/padding2d.cpp:13]   --->   Operation 144 'add' 'indvars_iv_next1' <Predicate = (exitcond8)> <Delay = 1.81> <Core = "AddSub">   --->   Core 14 'AddSub' <Latency = 0> <II = 1> <Delay = 1.78> <FuncUnit> <Opcode : 'add' 'sub'> <InPorts = 2> <OutPorts = 1>
ST_15 : Operation 145 [1/1] (1.81ns)   --->   "%indvars_iv_next2 = add i14 %indvars_iv1, %p_cast" [layers_c/padding2d.cpp:13]   --->   Operation 145 'add' 'indvars_iv_next2' <Predicate = (exitcond8)> <Delay = 1.81> <Core = "AddSub">   --->   Core 14 'AddSub' <Latency = 0> <II = 1> <Delay = 1.78> <FuncUnit> <Opcode : 'add' 'sub'> <InPorts = 2> <OutPorts = 1>
ST_15 : Operation 146 [1/1] (1.78ns)   --->   "%indvars_iv_next6 = add i5 %tmp_9, %indvars_iv4" [layers_c/padding2d.cpp:13]   --->   Operation 146 'add' 'indvars_iv_next6' <Predicate = (exitcond8)> <Delay = 1.78> <Core = "AddSub">   --->   Core 14 'AddSub' <Latency = 0> <II = 1> <Delay = 1.78> <FuncUnit> <Opcode : 'add' 'sub'> <InPorts = 2> <OutPorts = 1>
ST_15 : Operation 147 [1/1] (1.78ns)   --->   "%indvars_iv_next3 = add i5 %tmp_9, %indvars_iv9" [layers_c/padding2d.cpp:13]   --->   Operation 147 'add' 'indvars_iv_next3' <Predicate = (exitcond8)> <Delay = 1.78> <Core = "AddSub">   --->   Core 14 'AddSub' <Latency = 0> <II = 1> <Delay = 1.78> <FuncUnit> <Opcode : 'add' 'sub'> <InPorts = 2> <OutPorts = 1>
ST_15 : Operation 148 [1/1] (0.00ns)   --->   "br label %1" [layers_c/padding2d.cpp:13]   --->   Operation 148 'br' <Predicate = (exitcond8)> <Delay = 0.00>


============================================================
+ Verbose Summary: Timing violations
============================================================
Target clock period: 4.4ns, clock uncertainty: 1.27ns.

 <State 1>: 1.78ns
The critical path consists of the following:
	wire read on port 'input_width' [6]  (0 ns)
	'add' operation ('tmp', layers_c/padding2d.cpp:13) [14]  (1.78 ns)

 <State 2>: 3.74ns
The critical path consists of the following:
	wire read on port 'input_height' [7]  (0 ns)
	'mul' operation ('tmp_30', layers_c/padding2d.cpp:13) [21]  (3.74 ns)

 <State 3>: 1.78ns
The critical path consists of the following:
	'add' operation ('tmp_6', layers_c/padding2d.cpp:13) [42]  (1.78 ns)

 <State 4>: 1.78ns
The critical path consists of the following:
	'add' operation ('tmp_7', layers_c/padding2d.cpp:13) [43]  (1.78 ns)

 <State 5>: 1.83ns
The critical path consists of the following:
	'add' operation ('tmp_34', layers_c/padding2d.cpp:13) [35]  (1.83 ns)

 <State 6>: 3.74ns
The critical path consists of the following:
	'mul' operation ('tmp_s', layers_c/padding2d.cpp:13) [19]  (3.74 ns)

 <State 7>: 1.78ns
The critical path consists of the following:
	'phi' operation ('depth') with incoming values : ('depth', layers_c/padding2d.cpp:13) [59]  (0 ns)
	'add' operation ('depth', layers_c/padding2d.cpp:13) [63]  (1.78 ns)

 <State 8>: 2.08ns
The critical path consists of the following:
	'phi' operation ('o_count_1', layers_c/padding2d.cpp:18) with incoming values : ('tmp_41', layers_c/padding2d.cpp:18) ('tmp_42', layers_c/padding2d.cpp:18) [68]  (0 ns)
	'add' operation ('tmp_41', layers_c/padding2d.cpp:18) [77]  (2.08 ns)

 <State 9>: 2.08ns
The critical path consists of the following:
	'add' operation ('tmp_39', layers_c/padding2d.cpp:21) [82]  (2.08 ns)

 <State 10>: 2.08ns
The critical path consists of the following:
	'add' operation ('tmp_42', layers_c/padding2d.cpp:18) [133]  (2.08 ns)

 <State 11>: 2.21ns
The critical path consists of the following:
	'phi' operation ('o_count') with incoming values : ('tmp_40_cast', layers_c/padding2d.cpp:13) ('o_count', layers_c/padding2d.cpp:27) ('tmp_45', layers_c/padding2d.cpp:18) ('indvars_iv_next', layers_c/padding2d.cpp:13) [99]  (0 ns)
	'icmp' operation ('exitcond', layers_c/padding2d.cpp:23) [101]  (2.21 ns)

 <State 12>: 1.68ns
The critical path consists of the following:
	'load' operation ('input_load', layers_c/padding2d.cpp:25) on array 'input_r' [107]  (1.68 ns)

 <State 13>: 1.81ns
The critical path consists of the following:
	'add' operation ('o_count', layers_c/padding2d.cpp:27) [112]  (1.81 ns)

 <State 14>: 2.21ns
The critical path consists of the following:
	'phi' operation ('o_count') with incoming values : ('tmp_44_cast', layers_c/padding2d.cpp:13) ('o_count', layers_c/padding2d.cpp:33) ('indvars_iv_next5', layers_c/padding2d.cpp:21) ('indvars_iv_next1', layers_c/padding2d.cpp:13) [118]  (0 ns)
	'icmp' operation ('exitcond5', layers_c/padding2d.cpp:30) [119]  (2.21 ns)

 <State 15>: 2.08ns
The critical path consists of the following:
	'phi' operation ('o_count') with incoming values : ('tmp_39', layers_c/padding2d.cpp:21) ('o_count', layers_c/padding2d.cpp:40) [136]  (0 ns)
	'add' operation ('o_count', layers_c/padding2d.cpp:40) [145]  (2.08 ns)


============================================================
+ Verbose Summary: Binding
============================================================
N/A
* FSMD analyzer results:
  - Output states:
 - Input state : 
  - Chain level:
	State 1
	State 2
	State 3
	State 4
	State 5
	State 6
	State 7
	State 8
	State 9
	State 10
	State 11
	State 12
	State 13
	State 14
	State 15


============================================================
+ Verbose Summary: Datapath Resource usage 
============================================================
N/A
