Report time       : Tue Dec 17 15:51:24 JST 2019.
Solution          : network.
Simulation tool   : xsim.

+----------+----------+-----------------------------------------------+-----------------------------------------------+
|          |          |                    Latency                    |                    Interval                   |
+   RTL    +  Status  +-----------------------------------------------+-----------------------------------------------+
|          |          |      min      |      avg      |      max      |      min      |      avg      |      max      |
+----------+----------+-----------------------------------------------+-----------------------------------------------+
|      VHDL|        NA|             NA|             NA|             NA|             NA|             NA|             NA|
|   Verilog|      Pass|        1616113|        1616113|        1616113|             NA|             NA|             NA|
+----------+----------+-----------------------------------------------+-----------------------------------------------+
