Report time       : Mon Dec 16 19:03:36 JST 2019.
Solution          : network.
Simulation tool   : xsim.

+----------+----------+-----------------------------------------------+-----------------------------------------------+
|          |          |                    Latency                    |                    Interval                   |
+   RTL    +  Status  +-----------------------------------------------+-----------------------------------------------+
|          |          |      min      |      avg      |      max      |      min      |      avg      |      max      |
+----------+----------+-----------------------------------------------+-----------------------------------------------+
|      VHDL|        NA|             NA|             NA|             NA|             NA|             NA|             NA|
|   Verilog|      Pass|        1283690|        1283690|        1283690|             NA|             NA|             NA|
+----------+----------+-----------------------------------------------+-----------------------------------------------+
