Report time       : Mon Oct 28 11:38:01 JST 2019.
Solution          : network.
Simulation tool   : xsim.

+----------+----------+-----------------------------------------------+-----------------------------------------------+
|          |          |                    Latency                    |                    Interval                   |
+   RTL    +  Status  +-----------------------------------------------+-----------------------------------------------+
|          |          |      min      |      avg      |      max      |      min      |      avg      |      max      |
+----------+----------+-----------------------------------------------+-----------------------------------------------+
|      VHDL|        NA|             NA|             NA|             NA|             NA|             NA|             NA|
|   Verilog|      Pass|        1081534|        1081534|        1081534|             NA|             NA|             NA|
+----------+----------+-----------------------------------------------+-----------------------------------------------+
