

================================================================
== Vivado HLS Report for 'depthwise_conv2d_fix'
================================================================
* Date:           Fri Nov 29 20:35:04 2019

* Version:        2018.3.1 (Build 2489210 on Tue Mar 26 04:40:43 MDT 2019)
* Project:        HLS
* Solution:       network
* Product family: zynq
* Target device:  xc7z020clg400-1


================================================================
== Performance Estimates
================================================================
+ Timing (ns): 
    * Summary: 
    +--------+-------+----------+------------+
    |  Clock | Target| Estimated| Uncertainty|
    +--------+-------+----------+------------+
    |ap_clk  |  10.00|     8.585|        1.25|
    +--------+-------+----------+------------+

+ Latency (clock cycles): 
    * Summary: 
    +-------+-------+-------+-------+---------+
    |    Latency    |    Interval   | Pipeline|
    |  min  |  max  |  min  |  max  |   Type  |
    +-------+-------+-------+-------+---------+
    |  34553|  34553|  34553|  34553|   none  |
    +-------+-------+-------+-------+---------+

    + Detail: 
        * Instance: 
        N/A

        * Loop: 
        +---------------------+-------+-------+----------+-----------+-----------+------+----------+
        |                     |    Latency    | Iteration|  Initiation Interval  | Trip |          |
        |      Loop Name      |  min  |  max  |  Latency |  achieved |   target  | Count| Pipelined|
        +---------------------+-------+-------+----------+-----------+-----------+------+----------+
        |- Loop 1             |  34552|  34552|      1234|          -|          -|    28|    no    |
        | + Loop 1.1          |   1232|   1232|        44|          -|          -|    28|    no    |
        |  ++ Loop 1.1.1      |     42|     42|        14|          -|          -|     3|    no    |
        |   +++ Loop 1.1.1.1  |     12|     12|         4|          -|          -|     3|    no    |
        +---------------------+-------+-------+----------+-----------+-----------+------+----------+



================================================================
== Utilization Estimates
================================================================
* Summary: 
+-----------------+---------+-------+--------+-------+
|       Name      | BRAM_18K| DSP48E|   FF   |  LUT  |
+-----------------+---------+-------+--------+-------+
|DSP              |        -|      1|       -|      -|
|Expression       |        -|      -|       0|    223|
|FIFO             |        -|      -|       -|      -|
|Instance         |        -|      -|       -|      -|
|Memory           |        0|      -|      15|      3|
|Multiplexer      |        -|      -|       -|    110|
|Register         |        -|      -|     121|      -|
+-----------------+---------+-------+--------+-------+
|Total            |        0|      1|     136|    336|
+-----------------+---------+-------+--------+-------+
|Available        |      280|    220|  106400|  53200|
+-----------------+---------+-------+--------+-------+
|Utilization (%)  |        0|   ~0  |   ~0   |   ~0  |
+-----------------+---------+-------+--------+-------+

+ Detail: 
    * Instance: 
    N/A

    * DSP48: 
    +-----------------------------------+--------------------------------+-----------+
    |              Instance             |             Module             | Expression|
    +-----------------------------------+--------------------------------+-----------+
    |network_mul_mul_15s_16s_30_1_1_U6  |network_mul_mul_15s_16s_30_1_1  |  i0 * i1  |
    +-----------------------------------+--------------------------------+-----------+

    * Memory: 
    +-------------------------+--------------------------------------------+---------+----+----+------+-----+------+-------------+
    |          Memory         |                   Module                   | BRAM_18K| FF | LUT| Words| Bits| Banks| W*Bits*Banks|
    +-------------------------+--------------------------------------------+---------+----+----+------+-----+------+-------------+
    |SeparableConv2D_0_w_1_U  |depthwise_conv2d_fix_SeparableConv2D_0_w_1  |        0|  15|   3|     9|   15|     1|          135|
    +-------------------------+--------------------------------------------+---------+----+----+------+-----+------+-------------+
    |Total                    |                                            |        0|  15|   3|     9|   15|     1|          135|
    +-------------------------+--------------------------------------------+---------+----+----+------+-----+------+-------------+

    * FIFO: 
    N/A

    * Expression: 
    +---------------------+----------+-------+---+----+------------+------------+
    |    Variable Name    | Operation| DSP48E| FF| LUT| Bitwidth P0| Bitwidth P1|
    +---------------------+----------+-------+---+----+------------+------------+
    |k_h_1_fu_210_p2      |     +    |      0|  0|  10|           2|           1|
    |k_w_1_fu_280_p2      |     +    |      0|  0|  10|           2|           1|
    |out_h_4_fu_138_p2    |     +    |      0|  0|  15|           5|           1|
    |out_w_4_fu_180_p2    |     +    |      0|  0|  15|           5|           1|
    |tmp2_fu_238_p2       |     +    |      0|  0|  15|           5|           5|
    |tmp5_fu_290_p2       |     +    |      0|  0|  15|           5|           5|
    |tmp_78_fu_300_p2     |     +    |      0|  0|  13|          11|          11|
    |tmp_80_fu_314_p2     |     +    |      0|  0|  15|           5|           5|
    |tmp_84_fu_343_p2     |     +    |      0|  0|  23|          16|          16|
    |tmp_s_fu_190_p2      |     +    |      0|  0|  13|          11|          11|
    |tmp1_fu_168_p2       |     -    |      0|  0|  13|          11|          11|
    |tmp3_fu_268_p2       |     -    |      0|  0|  13|          11|          11|
    |tmp_77_fu_232_p2     |     -    |      0|  0|  15|           5|           5|
    |exitcond1_fu_204_p2  |   icmp   |      0|  0|   8|           2|           2|
    |exitcond2_fu_174_p2  |   icmp   |      0|  0|  11|           5|           4|
    |exitcond3_fu_132_p2  |   icmp   |      0|  0|  11|           5|           4|
    |exitcond_fu_274_p2   |   icmp   |      0|  0|   8|           2|           2|
    +---------------------+----------+-------+---+----+------------+------------+
    |Total                |          |      0|  0| 223|         108|          96|
    +---------------------+----------+-------+---+----+------------+------------+

    * Multiplexer: 
    +-------------------+----+-----------+-----+-----------+
    |        Name       | LUT| Input Size| Bits| Total Bits|
    +-------------------+----+-----------+-----+-----------+
    |ap_NS_fsm          |  44|          9|    1|          9|
    |k_h_reg_110        |   9|          2|    2|          4|
    |k_w_reg_121        |   9|          2|    2|          4|
    |out_h_reg_86       |   9|          2|    5|         10|
    |out_w_reg_98       |   9|          2|    5|         10|
    |output_r_address0  |  15|          3|   14|         42|
    |output_r_d0        |  15|          3|   16|         48|
    +-------------------+----+-----------+-----+-----------+
    |Total              | 110|         23|   45|        127|
    +-------------------+----+-----------+-----+-----------+

    * Register: 
    +-------------------------------+----+----+-----+-----------+
    |              Name             | FF | LUT| Bits| Const Bits|
    +-------------------------------+----+----+-----+-----------+
    |SeparableConv2D_0_w_5_reg_423  |  15|   0|   15|          0|
    |ap_CS_fsm                      |   8|   0|    8|          0|
    |input_load_reg_418             |  16|   0|   16|          0|
    |k_h_1_reg_385                  |   2|   0|    2|          0|
    |k_h_reg_110                    |   2|   0|    2|          0|
    |k_w_1_reg_403                  |   2|   0|    2|          0|
    |k_w_reg_121                    |   2|   0|    2|          0|
    |out_h_4_reg_359                |   5|   0|    5|          0|
    |out_h_reg_86                   |   5|   0|    5|          0|
    |out_w_4_reg_372                |   5|   0|    5|          0|
    |out_w_reg_98                   |   5|   0|    5|          0|
    |output_addr_reg_377            |  14|   0|   14|          0|
    |tmp1_reg_364                   |   9|   0|   11|          2|
    |tmp3_reg_395                   |  10|   0|   11|          1|
    |tmp_77_reg_390                 |   5|   0|    5|          0|
    |tmp_83_reg_428                 |  16|   0|   16|          0|
    +-------------------------------+----+----+-----+-----------+
    |Total                          | 121|   0|  124|          3|
    +-------------------------------+----+----+-----+-----------+



================================================================
== Interface
================================================================
* Summary: 
+-------------------+-----+-----+------------+----------------------+--------------+
|     RTL Ports     | Dir | Bits|  Protocol  |     Source Object    |    C Type    |
+-------------------+-----+-----+------------+----------------------+--------------+
|ap_clk             |  in |    1| ap_ctrl_hs | depthwise_conv2d_fix | return value |
|ap_rst             |  in |    1| ap_ctrl_hs | depthwise_conv2d_fix | return value |
|ap_start           |  in |    1| ap_ctrl_hs | depthwise_conv2d_fix | return value |
|ap_done            | out |    1| ap_ctrl_hs | depthwise_conv2d_fix | return value |
|ap_idle            | out |    1| ap_ctrl_hs | depthwise_conv2d_fix | return value |
|ap_ready           | out |    1| ap_ctrl_hs | depthwise_conv2d_fix | return value |
|input_r_address0   | out |   14|  ap_memory |        input_r       |     array    |
|input_r_ce0        | out |    1|  ap_memory |        input_r       |     array    |
|input_r_q0         |  in |   16|  ap_memory |        input_r       |     array    |
|output_r_address0  | out |   14|  ap_memory |       output_r       |     array    |
|output_r_ce0       | out |    1|  ap_memory |       output_r       |     array    |
|output_r_we0       | out |    1|  ap_memory |       output_r       |     array    |
|output_r_d0        | out |   16|  ap_memory |       output_r       |     array    |
|output_r_q0        |  in |   16|  ap_memory |       output_r       |     array    |
+-------------------+-----+-----+------------+----------------------+--------------+

