

================================================================
== Vivado HLS Report for 'pointwise_conv2d_fix_1'
================================================================
* Date:           Wed Nov 13 17:14:46 2019

* Version:        2018.3 (Build 2405991 on Thu Dec 06 23:56:15 MST 2018)
* Project:        HLS
* Solution:       network
* Product family: zynq
* Target device:  xc7z020clg400-1


================================================================
== Performance Estimates
================================================================
+ Timing (ns): 
    * Summary: 
    +--------+-------+----------+------------+
    |  Clock | Target| Estimated| Uncertainty|
    +--------+-------+----------+------------+
    |ap_clk  |  10.00|     8.510|        1.25|
    +--------+-------+----------+------------+

+ Latency (clock cycles): 
    * Summary: 
    +-----+-----+-----+-----+---------+
    |  Latency  |  Interval | Pipeline|
    | min | max | min | max |   Type  |
    +-----+-----+-----+-----+---------+
    |    ?|    ?|    ?|    ?|   none  |
    +-----+-----+-----+-----+---------+

    + Detail: 
        * Instance: 
        N/A

        * Loop: 
        +---------------------+-----+-----+----------+-----------+-----------+------+----------+
        |                     |  Latency  | Iteration|  Initiation Interval  | Trip |          |
        |      Loop Name      | min | max |  Latency |  achieved |   target  | Count| Pipelined|
        +---------------------+-----+-----+----------+-----------+-----------+------+----------+
        |- Loop 1             |    ?|    ?|         ?|          -|          -|     ?|    no    |
        | + Loop 1.1          |    ?|    ?|         ?|          -|          -|     ?|    no    |
        |  ++ Loop 1.1.1      |    ?|    ?|         ?|          -|          -|     ?|    no    |
        |   +++ Loop 1.1.1.1  |    ?|    ?|         6|          -|          -|     ?|    no    |
        +---------------------+-----+-----+----------+-----------+-----------+------+----------+



================================================================
== Utilization Estimates
================================================================
* Summary: 
+-----------------+---------+-------+--------+-------+
|       Name      | BRAM_18K| DSP48E|   FF   |  LUT  |
+-----------------+---------+-------+--------+-------+
|DSP              |        -|      1|       -|      -|
|Expression       |        -|      4|       0|    500|
|FIFO             |        -|      -|       -|      -|
|Instance         |        -|      -|       -|      -|
|Memory           |        -|      -|       -|      -|
|Multiplexer      |        -|      -|       -|    134|
|Register         |        -|      -|     518|      -|
+-----------------+---------+-------+--------+-------+
|Total            |        0|      5|     518|    634|
+-----------------+---------+-------+--------+-------+
|Available        |      280|    220|  106400|  53200|
+-----------------+---------+-------+--------+-------+
|Utilization (%)  |        0|      2|   ~0   |      1|
+-----------------+---------+-------+--------+-------+

+ Detail: 
    * Instance: 
    N/A

    * DSP48: 
    +-------------------------------------+--------------------------------+-----------+
    |               Instance              |             Module             | Expression|
    +-------------------------------------+--------------------------------+-----------+
    |network_mul_mul_16s_14s_30_1_1_U141  |network_mul_mul_16s_14s_30_1_1  |  i0 * i1  |
    +-------------------------------------+--------------------------------+-----------+

    * Memory: 
    N/A

    * FIFO: 
    N/A

    * Expression: 
    +-----------------------+----------+-------+---+----+------------+------------+
    |     Variable Name     | Operation| DSP48E| FF| LUT| Bitwidth P0| Bitwidth P1|
    +-----------------------+----------+-------+---+----+------------+------------+
    |tmp1_fu_214_p2         |     *    |      2|  0|  20|          32|          16|
    |tmp3_fu_264_p2         |     *    |      2|  0|  20|          32|          16|
    |in_d_1_fu_248_p2       |     +    |      0|  0|  23|          16|           1|
    |next_mul2_fu_177_p2    |     +    |      0|  0|  39|          32|          32|
    |next_mul_fu_254_p2     |     +    |      0|  0|  39|          32|          32|
    |out_d_2_fu_187_p2      |     +    |      0|  0|  23|          16|           1|
    |out_h_2_fu_198_p2      |     +    |      0|  0|  23|          16|           1|
    |out_w_2_fu_223_p2      |     +    |      0|  0|  23|          16|           1|
    |tmp2_fu_259_p2         |     +    |      0|  0|  39|          32|          32|
    |tmp_25_fu_233_p2       |     +    |      0|  0|  39|          32|          32|
    |tmp_27_cast_fu_304_p2  |     +    |      0|  0|  21|          15|          15|
    |tmp_27_fu_298_p2       |     +    |      0|  0|  23|          15|          16|
    |tmp_31_fu_268_p2       |     +    |      0|  0|  39|          32|          32|
    |tmp_36_fu_289_p2       |     +    |      0|  0|  23|          16|          16|
    |tmp_fu_208_p2          |     +    |      0|  0|  39|          32|          32|
    |exitcond1_fu_218_p2    |   icmp   |      0|  0|  13|          16|          16|
    |exitcond2_fu_193_p2    |   icmp   |      0|  0|  13|          16|          16|
    |exitcond3_fu_182_p2    |   icmp   |      0|  0|  13|          16|          16|
    |exitcond_fu_243_p2     |   icmp   |      0|  0|  13|          16|          16|
    |p_tmp_s_fu_318_p3      |  select  |      0|  0|  15|           1|           1|
    +-----------------------+----------+-------+---+----+------------+------------+
    |Total                  |          |      4|  0| 500|         431|         340|
    +-----------------------+----------+-------+---+----+------------+------------+

    * Multiplexer: 
    +-----------------------+----+-----------+-----+-----------+
    |          Name         | LUT| Input Size| Bits| Total Bits|
    +-----------------------+----+-----------+-----+-----------+
    |ap_NS_fsm              |  56|         13|    1|         13|
    |in_d_reg_147           |   9|          2|   16|         32|
    |out_d_reg_89           |   9|          2|   16|         32|
    |out_h_reg_112          |   9|          2|   16|         32|
    |out_w_reg_123          |   9|          2|   16|         32|
    |output_load_1_reg_134  |   9|          2|   16|         32|
    |output_r_d0            |  15|          3|   16|         48|
    |phi_mul1_reg_100       |   9|          2|   32|         64|
    |phi_mul_reg_158        |   9|          2|   32|         64|
    +-----------------------+----+-----------+-----+-----------+
    |Total                  | 134|         30|  161|        349|
    +-----------------------+----+-----------+-----+-----------+

    * Register: 
    +-------------------------------+----+----+-----+-----------+
    |              Name             | FF | LUT| Bits| Const Bits|
    +-------------------------------+----+----+-----+-----------+
    |SeparableConv2D_4_m_2_reg_452  |  16|   0|   16|          0|
    |ap_CS_fsm                      |  12|   0|   12|          0|
    |in_d_1_reg_427                 |  16|   0|   16|          0|
    |in_d_reg_147                   |  16|   0|   16|          0|
    |next_mul2_reg_370              |  32|   0|   32|          0|
    |next_mul_reg_432               |  32|   0|   32|          0|
    |out_d_2_reg_378                |  16|   0|   16|          0|
    |out_d_reg_89                   |  16|   0|   16|          0|
    |out_h_2_reg_386                |  16|   0|   16|          0|
    |out_h_reg_112                  |  16|   0|   16|          0|
    |out_w_2_reg_409                |  16|   0|   16|          0|
    |out_w_reg_123                  |  16|   0|   16|          0|
    |output_addr_reg_419            |  10|   0|   10|          0|
    |output_load_1_reg_134          |  16|   0|   16|          0|
    |phi_mul1_reg_100               |  32|   0|   32|          0|
    |phi_mul_reg_158                |  32|   0|   32|          0|
    |tmp1_reg_401                   |  32|   0|   32|          0|
    |tmp2_reg_437                   |  32|   0|   32|          0|
    |tmp3_reg_442                   |  32|   0|   32|          0|
    |tmp_15_reg_364                 |  16|   0|   32|         16|
    |tmp_23_reg_391                 |  16|   0|   32|         16|
    |tmp_24_reg_414                 |  16|   0|   32|         16|
    |tmp_35_reg_457                 |  16|   0|   16|          0|
    |tmp_reg_396                    |  32|   0|   32|          0|
    |tmp_s_reg_358                  |  16|   0|   32|         16|
    +-------------------------------+----+----+-----+-----------+
    |Total                          | 518|   0|  582|         64|
    +-------------------------------+----+----+-----+-----------+



================================================================
== Interface
================================================================
* Summary: 
+--------------------------------+-----+-----+------------+------------------------+--------------+
|            RTL Ports           | Dir | Bits|  Protocol  |      Source Object     |    C Type    |
+--------------------------------+-----+-----+------------+------------------------+--------------+
|ap_clk                          |  in |    1| ap_ctrl_hs | pointwise_conv2d_fix.1 | return value |
|ap_rst                          |  in |    1| ap_ctrl_hs | pointwise_conv2d_fix.1 | return value |
|ap_start                        |  in |    1| ap_ctrl_hs | pointwise_conv2d_fix.1 | return value |
|ap_done                         | out |    1| ap_ctrl_hs | pointwise_conv2d_fix.1 | return value |
|ap_idle                         | out |    1| ap_ctrl_hs | pointwise_conv2d_fix.1 | return value |
|ap_ready                        | out |    1| ap_ctrl_hs | pointwise_conv2d_fix.1 | return value |
|input_depth                     |  in |   16|   ap_none  |       input_depth      |    scalar    |
|input_height                    |  in |   16|   ap_none  |      input_height      |    scalar    |
|input_width                     |  in |   16|   ap_none  |       input_width      |    scalar    |
|output_depth                    |  in |   16|   ap_none  |      output_depth      |    scalar    |
|output_r_address0               | out |   10|  ap_memory |        output_r        |     array    |
|output_r_ce0                    | out |    1|  ap_memory |        output_r        |     array    |
|output_r_we0                    | out |    1|  ap_memory |        output_r        |     array    |
|output_r_d0                     | out |   16|  ap_memory |        output_r        |     array    |
|SeparableConv2D_4_m_s_address0  | out |   14|  ap_memory |  SeparableConv2D_4_m_s |     array    |
|SeparableConv2D_4_m_s_ce0       | out |    1|  ap_memory |  SeparableConv2D_4_m_s |     array    |
|SeparableConv2D_4_m_s_q0        |  in |   16|  ap_memory |  SeparableConv2D_4_m_s |     array    |
+--------------------------------+-----+-----+------------+------------------------+--------------+

