

================================================================
== Vivado HLS Report for 'up_sampling2d_fix16'
================================================================
* Date:           Mon Dec 16 17:14:51 2019

* Version:        2018.3.1 (Build 2489210 on Tue Mar 26 04:40:43 MDT 2019)
* Project:        HLS
* Solution:       network
* Product family: zynq
* Target device:  xc7z020clg400-1


================================================================
== Performance Estimates
================================================================
+ Timing (ns): 
    * Summary: 
    +--------+-------+----------+------------+
    |  Clock | Target| Estimated| Uncertainty|
    +--------+-------+----------+------------+
    |ap_clk  |  10.00|     6.508|        1.25|
    +--------+-------+----------+------------+

+ Latency (clock cycles): 
    * Summary: 
    +------+-------+------+-------+---------+
    |    Latency   |   Interval   | Pipeline|
    |  min |  max  |  min |  max  |   Type  |
    +------+-------+------+-------+---------+
    |  3377|  26017|  3377|  26017|   none  |
    +------+-------+------+-------+---------+

    + Detail: 
        * Instance: 
        N/A

        * Loop: 
        +-----------------+------+-------+------------+-----------+-----------+---------+----------+
        |                 |    Latency   |  Iteration |  Initiation Interval  |   Trip  |          |
        |    Loop Name    |  min |  max  |   Latency  |  achieved |   target  |  Count  | Pipelined|
        +-----------------+------+-------+------------+-----------+-----------+---------+----------+
        |- Loop 1         |  3376|  26016| 422 ~ 1626 |          -|          -|  8 ~ 16 |    no    |
        | + Loop 1.1      |   420|   1624|   30 ~ 58  |          -|          -| 14 ~ 28 |    no    |
        |  ++ Loop 1.1.1  |    28|     56|           2|          -|          -| 14 ~ 28 |    no    |
        +-----------------+------+-------+------------+-----------+-----------+---------+----------+



================================================================
== Utilization Estimates
================================================================
* Summary: 
+-----------------+---------+-------+--------+-------+
|       Name      | BRAM_18K| DSP48E|   FF   |  LUT  |
+-----------------+---------+-------+--------+-------+
|DSP              |        -|      -|       -|      -|
|Expression       |        -|      0|       0|    261|
|FIFO             |        -|      -|       -|      -|
|Instance         |        -|      -|       -|      -|
|Memory           |        -|      -|       -|      -|
|Multiplexer      |        -|      -|       -|     78|
|Register         |        -|      -|     131|      -|
+-----------------+---------+-------+--------+-------+
|Total            |        0|      0|     131|    339|
+-----------------+---------+-------+--------+-------+
|Available        |      280|    220|  106400|  53200|
+-----------------+---------+-------+--------+-------+
|Utilization (%)  |        0|      0|   ~0   |   ~0  |
+-----------------+---------+-------+--------+-------+

+ Detail: 
    * Instance: 
    N/A

    * DSP48: 
    N/A

    * Memory: 
    N/A

    * FIFO: 
    N/A

    * Expression: 
    +---------------------+----------+-------+---+----+------------+------------+
    |    Variable Name    | Operation| DSP48E| FF| LUT| Bitwidth P0| Bitwidth P1|
    +---------------------+----------+-------+---+----+------------+------------+
    |tmp1_cast_fu_242_p2  |     *    |      0|  0|  41|           8|           5|
    |tmp3_fu_257_p2       |     *    |      0|  0|  51|           9|           6|
    |next_mul3_fu_174_p2  |     +    |      0|  0|  15|           9|           9|
    |next_mul_fu_179_p2   |     +    |      0|  0|  15|           8|           8|
    |out_d_1_fu_193_p2    |     +    |      0|  0|  15|           5|           1|
    |out_h_1_fu_208_p2    |     +    |      0|  0|  15|           5|           1|
    |out_w_1_fu_271_p2    |     +    |      0|  0|  15|           5|           1|
    |tmp2_fu_247_p2       |     +    |      0|  0|  15|           9|           9|
    |tmp_4_fu_305_p2      |     +    |      0|  0|  19|          14|          14|
    |tmp_fu_232_p2        |     +    |      0|  0|  15|           8|           8|
    |tmp_s_fu_291_p2      |     +    |      0|  0|  12|          12|          12|
    |exitcond2_fu_203_p2  |   icmp   |      0|  0|  11|           6|           6|
    |exitcond3_fu_188_p2  |   icmp   |      0|  0|  11|           6|           6|
    |exitcond_fu_266_p2   |   icmp   |      0|  0|  11|           6|           6|
    +---------------------+----------+-------+---+----+------------+------------+
    |Total                |          |      0|  0| 261|         110|          92|
    +---------------------+----------+-------+---+----+------------+------------+

    * Multiplexer: 
    +------------------+----+-----------+-----+-----------+
    |       Name       | LUT| Input Size| Bits| Total Bits|
    +------------------+----+-----------+-----+-----------+
    |ap_NS_fsm         |  33|          6|    1|          6|
    |out_d_reg_101     |   9|          2|    5|         10|
    |out_h_reg_136     |   9|          2|    5|         10|
    |out_w_reg_147     |   9|          2|    5|         10|
    |phi_mul2_reg_124  |   9|          2|    9|         18|
    |phi_mul_reg_112   |   9|          2|    8|         16|
    +------------------+----+-----------+-----+-----------+
    |Total             |  78|         16|   33|         70|
    +------------------+----+-----------+-----+-----------+

    * Register: 
    +--------------------+----+----+-----+-----------+
    |        Name        | FF | LUT| Bits| Const Bits|
    +--------------------+----+----+-----+-----------+
    |ap_CS_fsm           |   5|   0|    5|          0|
    |next_mul3_reg_349   |   9|   0|    9|          0|
    |next_mul_reg_354    |   8|   0|    8|          0|
    |out_d_1_reg_362     |   5|   0|    5|          0|
    |out_d_reg_101       |   5|   0|    5|          0|
    |out_h_1_reg_370     |   5|   0|    5|          0|
    |out_h_reg_136       |   5|   0|    5|          0|
    |out_w_1_reg_388     |   5|   0|    5|          0|
    |out_w_reg_147       |   5|   0|    5|          0|
    |phi_mul2_reg_124    |   9|   0|    9|          0|
    |phi_mul_reg_112     |   8|   0|    8|          0|
    |tmp1_cast_reg_375   |  12|   0|   12|          0|
    |tmp3_reg_380        |  14|   0|   14|          0|
    |tmp_1_cast_reg_329  |   5|   0|    8|          3|
    |tmp_2_reg_344       |   5|   0|   12|          7|
    |tmp_3_cast_reg_334  |   6|   0|    9|          3|
    |tmp_4_cast_reg_339  |   6|   0|   14|          8|
    |tmp_4_reg_398       |  14|   0|   14|          0|
    +--------------------+----+----+-----+-----------+
    |Total               | 131|   0|  152|         21|
    +--------------------+----+----+-----+-----------+



================================================================
== Interface
================================================================
* Summary: 
+-------------------+-----+-----+------------+---------------------+--------------+
|     RTL Ports     | Dir | Bits|  Protocol  |    Source Object    |    C Type    |
+-------------------+-----+-----+------------+---------------------+--------------+
|ap_clk             |  in |    1| ap_ctrl_hs | up_sampling2d_fix16 | return value |
|ap_rst             |  in |    1| ap_ctrl_hs | up_sampling2d_fix16 | return value |
|ap_start           |  in |    1| ap_ctrl_hs | up_sampling2d_fix16 | return value |
|ap_done            | out |    1| ap_ctrl_hs | up_sampling2d_fix16 | return value |
|ap_idle            | out |    1| ap_ctrl_hs | up_sampling2d_fix16 | return value |
|ap_ready           | out |    1| ap_ctrl_hs | up_sampling2d_fix16 | return value |
|input_height       |  in |    5|   ap_none  |     input_height    |    scalar    |
|input_width        |  in |    5|   ap_none  |     input_width     |    scalar    |
|input_r_address0   | out |   14|  ap_memory |       input_r       |     array    |
|input_r_ce0        | out |    1|  ap_memory |       input_r       |     array    |
|input_r_q0         |  in |   16|  ap_memory |       input_r       |     array    |
|output_depth       |  in |    6|   ap_none  |     output_depth    |    scalar    |
|output_height      |  in |    6|   ap_none  |    output_height    |    scalar    |
|output_width       |  in |    6|   ap_none  |     output_width    |    scalar    |
|output_r_address0  | out |   14|  ap_memory |       output_r      |     array    |
|output_r_ce0       | out |    1|  ap_memory |       output_r      |     array    |
|output_r_we0       | out |    1|  ap_memory |       output_r      |     array    |
|output_r_d0        | out |   16|  ap_memory |       output_r      |     array    |
+-------------------+-----+-----+------------+---------------------+--------------+

