

================================================================
== Vivado HLS Report for 'pointwise_conv2d_fix_4'
================================================================
* Date:           Sat Dec 28 19:43:35 2019

* Version:        2019.1 (Build 2552052 on Fri May 24 15:28:33 MDT 2019)
* Project:        HLS
* Solution:       solution1
* Product family: zynq
* Target device:  xc7z020-clg400-1


================================================================
== Performance Estimates
================================================================
+ Timing (ns): 
    * Summary: 
    +--------+-------+----------+------------+
    |  Clock | Target| Estimated| Uncertainty|
    +--------+-------+----------+------------+
    |ap_clk  |  10.00|     9.634|        1.25|
    +--------+-------+----------+------------+

+ Latency (clock cycles): 
    * Summary: 
    +-------+-------+-------+-------+---------+
    |    Latency    |    Interval   | Pipeline|
    |  min  |  max  |  min  |  max  |   Type  |
    +-------+-------+-------+-------+---------+
    |  12550|  12550|  12550|  12550|   none  |
    +-------+-------+-------+-------+---------+

    + Detail: 
        * Instance: 
        N/A

        * Loop: 
        +----------+-------+-------+----------+-----------+-----------+-------+----------+
        |          |    Latency    | Iteration|  Initiation Interval  |  Trip |          |
        | Loop Name|  min  |  max  |  Latency |  achieved |   target  | Count | Pipelined|
        +----------+-------+-------+----------+-----------+-----------+-------+----------+
        |- Loop 1  |  12548|  12548|         6|          1|          1|  12544|    yes   |
        +----------+-------+-------+----------+-----------+-----------+-------+----------+



================================================================
== Utilization Estimates
================================================================
* Summary: 
+-----------------+---------+-------+--------+-------+-----+
|       Name      | BRAM_18K| DSP48E|   FF   |  LUT  | URAM|
+-----------------+---------+-------+--------+-------+-----+
|DSP              |        -|      2|       -|      -|    -|
|Expression       |        -|      -|       0|    456|    -|
|FIFO             |        -|      -|       -|      -|    -|
|Instance         |        -|      -|       0|     65|    -|
|Memory           |        -|      -|       -|      -|    -|
|Multiplexer      |        -|      -|       -|    138|    -|
|Register         |        0|      -|     665|    224|    -|
+-----------------+---------+-------+--------+-------+-----+
|Total            |        0|      2|     665|    883|    0|
+-----------------+---------+-------+--------+-------+-----+
|Available        |      280|    220|  106400|  53200|    0|
+-----------------+---------+-------+--------+-------+-----+
|Utilization (%)  |        0|   ~0  |   ~0   |      1|    0|
+-----------------+---------+-------+--------+-------+-----+

+ Detail: 
    * Instance: 
    +-------------------------------+--------------------------+---------+-------+---+----+-----+
    |            Instance           |          Module          | BRAM_18K| DSP48E| FF| LUT| URAM|
    +-------------------------------+--------------------------+---------+-------+---+----+-----+
    |network_mux_164_16_1_1_x_U129  |network_mux_164_16_1_1_x  |        0|      0|  0|  65|    0|
    +-------------------------------+--------------------------+---------+-------+---+----+-----+
    |Total                          |                          |        0|      0|  0|  65|    0|
    +-------------------------------+--------------------------+---------+-------+---+----+-----+

    * DSP48E: 
    +---------------------------------------------+----------------------------------------+--------------+
    |                   Instance                  |                 Module                 |  Expression  |
    +---------------------------------------------+----------------------------------------+--------------+
    |network_mac_muladd_11ns_5ns_11s_15_1_1_U130  |network_mac_muladd_11ns_5ns_11s_15_1_1  | i0 * i1 + i2 |
    |network_mul_mul_16s_16s_32_1_1_U131          |network_mul_mul_16s_16s_32_1_1          |    i0 * i1   |
    +---------------------------------------------+----------------------------------------+--------------+

    * Memory: 
    N/A

    * FIFO: 
    N/A

    * Expression: 
    +-------------------------+----------+-------+---+----+------------+------------+
    |      Variable Name      | Operation| DSP48E| FF| LUT| Bitwidth P0| Bitwidth P1|
    +-------------------------+----------+-------+---+----+------------+------------+
    |add_ln20_1_fu_242_p2     |     +    |      0|  0|  19|          14|           1|
    |add_ln21_fu_502_p2       |     +    |      0|  0|  14|          10|           1|
    |add_ln29_2_fu_531_p2     |     +    |      0|  0|  13|          11|          11|
    |add_ln29_fu_290_p2       |     +    |      0|  0|  13|          11|          11|
    |add_ln34_1_fu_614_p2     |     +    |      0|  0|  13|          11|          11|
    |add_ln34_2_fu_230_p2     |     +    |      0|  0|  19|          14|           1|
    |add_ln34_fu_605_p2       |     +    |      0|  0|  15|           5|           5|
    |buffer_fu_639_p2         |     +    |      0|  0|  30|          23|          23|
    |in_d_fu_496_p2           |     +    |      0|  0|  15|           1|           5|
    |out_h_fu_339_p2          |     +    |      0|  0|  15|           1|           5|
    |out_w_fu_421_p2          |     +    |      0|  0|  15|           1|           5|
    |sub_ln29_1_fu_382_p2     |     -    |      0|  0|  13|          11|          11|
    |sub_ln29_fu_280_p2       |     -    |      0|  0|  13|          11|          11|
    |and_ln29_fu_407_p2       |    and   |      0|  0|   2|           1|           1|
    |and_ln34_1_fu_321_p2     |    and   |      0|  0|   2|           1|           1|
    |and_ln34_2_fu_333_p2     |    and   |      0|  0|   2|           1|           1|
    |output_r_d0              |    and   |      0|  0|  16|          16|          16|
    |icmp_ln20_fu_236_p2      |   icmp   |      0|  0|  13|          14|          13|
    |icmp_ln21_fu_327_p2      |   icmp   |      0|  0|  13|          10|           9|
    |icmp_ln24_1_fu_558_p2    |   icmp   |      0|  0|  11|           5|           6|
    |icmp_ln24_fu_315_p2      |   icmp   |      0|  0|  11|           5|           6|
    |icmp_ln34_fu_224_p2      |   icmp   |      0|  0|  13|          14|          13|
    |or_ln24_1_fu_433_p2      |    or    |      0|  0|   2|           1|           1|
    |or_ln24_fu_427_p2        |    or    |      0|  0|   2|           1|           1|
    |or_ln29_1_fu_402_p2      |    or    |      0|  0|   2|           1|           1|
    |or_ln29_fu_345_p2        |    or    |      0|  0|   2|           1|           1|
    |out_d_0_mid2_fu_592_p3   |  select  |      0|  0|   2|           1|           1|
    |select_ln20_1_fu_248_p3  |  select  |      0|  0|  14|           1|           1|
    |select_ln20_fu_413_p3    |  select  |      0|  0|   5|           1|           5|
    |select_ln21_9_fu_508_p3  |  select  |      0|  0|  10|           1|           1|
    |select_ln21_fu_446_p3    |  select  |      0|  0|   5|           1|           5|
    |select_ln24_1_fu_438_p3  |  select  |      0|  0|   5|           1|           1|
    |select_ln24_2_fu_536_p3  |  select  |      0|  0|  11|           1|          11|
    |select_ln24_fu_619_p3    |  select  |      0|  0|  23|           1|          15|
    |select_ln29_1_fu_388_p3  |  select  |      0|  0|  11|           1|          11|
    |select_ln29_2_fu_522_p3  |  select  |      0|  0|  11|           1|          11|
    |select_ln29_fu_350_p3    |  select  |      0|  0|   5|           1|           1|
    |select_ln33_fu_663_p3    |  select  |      0|  0|   2|           1|           2|
    |select_ln34_1_fu_569_p3  |  select  |      0|  0|   6|           1|           1|
    |select_ln34_2_fu_577_p3  |  select  |      0|  0|   6|           1|           6|
    |select_ln34_3_fu_585_p3  |  select  |      0|  0|   5|           1|           5|
    |select_ln34_4_fu_303_p3  |  select  |      0|  0|  11|           1|           1|
    |select_ln34_5_fu_516_p3  |  select  |      0|  0|  11|           1|           1|
    |select_ln34_fu_296_p3    |  select  |      0|  0|   5|           1|           1|
    |ap_enable_pp0            |    xor   |      0|  0|   2|           1|           2|
    |out_d_fu_563_p2          |    xor   |      0|  0|   2|           1|           2|
    |xor_ln29_fu_396_p2       |    xor   |      0|  0|   2|           1|           2|
    |xor_ln33_fu_657_p2       |    xor   |      0|  0|   2|           1|           2|
    |xor_ln34_fu_310_p2       |    xor   |      0|  0|   2|           1|           2|
    +-------------------------+----------+-------+---+----+------------+------------+
    |Total                    |          |      0|  0| 456|         218|         261|
    +-------------------------+----------+-------+---+----+------------+------------+

    * Multiplexer: 
    +----------------------------------+----+-----------+-----+-----------+
    |               Name               | LUT| Input Size| Bits| Total Bits|
    +----------------------------------+----+-----------+-----+-----------+
    |ap_NS_fsm                         |  21|          4|    1|          4|
    |ap_enable_reg_pp0_iter2           |   9|          2|    1|          2|
    |ap_enable_reg_pp0_iter5           |   9|          2|    1|          2|
    |ap_phi_mux_in_d_0_phi_fu_217_p4   |   9|          2|    5|         10|
    |ap_phi_mux_out_d_0_phi_fu_160_p4  |   9|          2|    1|          2|
    |ap_phi_mux_out_w_0_phi_fu_194_p4  |   9|          2|    5|         10|
    |buffer_0_reg_201                  |   9|          2|   23|         46|
    |in_d_0_reg_213                    |   9|          2|    5|         10|
    |indvar_flatten18_reg_145          |   9|          2|   14|         28|
    |indvar_flatten59_reg_134          |   9|          2|   14|         28|
    |indvar_flatten_reg_179            |   9|          2|   10|         20|
    |out_d_0_reg_156                   |   9|          2|    1|          2|
    |out_h_0_reg_168                   |   9|          2|    5|         10|
    |out_w_0_reg_190                   |   9|          2|    5|         10|
    +----------------------------------+----+-----------+-----+-----------+
    |Total                             | 138|         30|   91|        184|
    +----------------------------------+----+-----------+-----+-----------+

    * Register: 
    +--------------------------+----+----+-----+-----------+
    |           Name           | FF | LUT| Bits| Const Bits|
    +--------------------------+----+----+-----+-----------+
    |add_ln29_reg_728          |  11|   0|   11|          0|
    |add_ln34_1_reg_820        |  11|   0|   11|          0|
    |and_ln29_reg_749          |   1|   0|    1|          0|
    |and_ln34_2_reg_733        |   1|   0|    1|          0|
    |ap_CS_fsm                 |   3|   0|    3|          0|
    |ap_enable_reg_pp0_iter0   |   1|   0|    1|          0|
    |ap_enable_reg_pp0_iter1   |   1|   0|    1|          0|
    |ap_enable_reg_pp0_iter2   |   1|   0|    1|          0|
    |ap_enable_reg_pp0_iter3   |   1|   0|    1|          0|
    |ap_enable_reg_pp0_iter4   |   1|   0|    1|          0|
    |ap_enable_reg_pp0_iter5   |   1|   0|    1|          0|
    |buffer_0_reg_201          |  23|   0|   23|          0|
    |icmp_ln20_reg_710         |   1|   0|    1|          0|
    |icmp_ln24_1_reg_801       |   1|   0|    1|          0|
    |icmp_ln34_reg_701         |   1|   0|    1|          0|
    |in_d_0_reg_213            |   5|   0|    5|          0|
    |in_d_reg_785              |   5|   0|    5|          0|
    |indvar_flatten18_reg_145  |  14|   0|   14|          0|
    |indvar_flatten59_reg_134  |  14|   0|   14|          0|
    |indvar_flatten_reg_179    |  10|   0|   10|          0|
    |input_load_reg_805        |  16|   0|   16|          0|
    |mul_ln29_reg_815          |  32|   0|   32|          0|
    |or_ln24_1_reg_764         |   1|   0|    1|          0|
    |out_d_0_mid2_reg_810      |   1|   0|    1|          0|
    |out_d_0_reg_156           |   1|   0|    1|          0|
    |out_h_0_reg_168           |   5|   0|    5|          0|
    |out_w_0_reg_190           |   5|   0|    5|          0|
    |out_w_reg_759             |   5|   0|    5|          0|
    |select_ln21_reg_774       |   5|   0|    5|          0|
    |select_ln24_1_reg_769     |   5|   0|    5|          0|
    |select_ln29_1_reg_743     |   9|   0|   11|          2|
    |sub_ln29_1_reg_738        |   9|   0|   11|          2|
    |tmp_4_reg_780             |  16|   0|   16|          0|
    |icmp_ln20_reg_710         |  64|  32|    1|          0|
    |icmp_ln24_1_reg_801       |  64|  32|    1|          0|
    |icmp_ln34_reg_701         |  64|  32|    1|          0|
    |or_ln24_1_reg_764         |  64|  32|    1|          0|
    |select_ln21_reg_774       |  64|  32|    5|          0|
    |select_ln29_1_reg_743     |  64|  32|   11|          2|
    |tmp_4_reg_780             |  64|  32|   16|          0|
    +--------------------------+----+----+-----+-----------+
    |Total                     | 665| 224|  257|          6|
    +--------------------------+----+----+-----+-----------+



================================================================
== Interface
================================================================
* Summary: 
+-------------------+-----+-----+------------+------------------------+--------------+
|     RTL Ports     | Dir | Bits|  Protocol  |      Source Object     |    C Type    |
+-------------------+-----+-----+------------+------------------------+--------------+
|ap_clk             |  in |    1| ap_ctrl_hs | pointwise_conv2d_fix.4 | return value |
|ap_rst             |  in |    1| ap_ctrl_hs | pointwise_conv2d_fix.4 | return value |
|ap_start           |  in |    1| ap_ctrl_hs | pointwise_conv2d_fix.4 | return value |
|ap_done            | out |    1| ap_ctrl_hs | pointwise_conv2d_fix.4 | return value |
|ap_idle            | out |    1| ap_ctrl_hs | pointwise_conv2d_fix.4 | return value |
|ap_ready           | out |    1| ap_ctrl_hs | pointwise_conv2d_fix.4 | return value |
|input_r_address0   | out |   14|  ap_memory |         input_r        |     array    |
|input_r_ce0        | out |    1|  ap_memory |         input_r        |     array    |
|input_r_q0         |  in |   16|  ap_memory |         input_r        |     array    |
|output_r_address0  | out |   14|  ap_memory |        output_r        |     array    |
|output_r_ce0       | out |    1|  ap_memory |        output_r        |     array    |
|output_r_we0       | out |    1|  ap_memory |        output_r        |     array    |
|output_r_d0        | out |   16|  ap_memory |        output_r        |     array    |
+-------------------+-----+-----+------------+------------------------+--------------+

