

================================================================
== Vivado HLS Report for 'pointwise_conv2d_fix_2'
================================================================
* Date:           Sun Dec 29 16:52:30 2019

* Version:        2019.1 (Build 2552052 on Fri May 24 15:28:33 MDT 2019)
* Project:        HLS
* Solution:       solution1
* Product family: zynq
* Target device:  xc7z020-clg400-1


================================================================
== Performance Estimates
================================================================
+ Timing (ns): 
    * Summary: 
    +--------+-------+----------+------------+
    |  Clock | Target| Estimated| Uncertainty|
    +--------+-------+----------+------------+
    |ap_clk  |  10.00|     9.634|        1.25|
    +--------+-------+----------+------------+

+ Latency (clock cycles): 
    * Summary: 
    +------+------+------+------+---------+
    |   Latency   |   Interval  | Pipeline|
    |  min |  max |  min |  max |   Type  |
    +------+------+------+------+---------+
    |  3273|  3273|  3273|  3273|   none  |
    +------+------+------+------+---------+

    + Detail: 
        * Instance: 
        N/A

        * Loop: 
        +-------------+------+------+----------+-----------+-----------+------+----------+
        |             |   Latency   | Iteration|  Initiation Interval  | Trip |          |
        |  Loop Name  |  min |  max |  Latency |  achieved |   target  | Count| Pipelined|
        +-------------+------+------+----------+-----------+-----------+------+----------+
        |- Loop 1     |  3272|  3272|       409|          -|          -|     8|    no    |
        | + Loop 1.1  |     8|     8|         1|          1|          1|     8|    yes   |
        | + Loop 1.2  |   395|   395|         5|          1|          1|   392|    yes   |
        +-------------+------+------+----------+-----------+-----------+------+----------+



================================================================
== Utilization Estimates
================================================================
* Summary: 
+-----------------+---------+-------+--------+-------+-----+
|       Name      | BRAM_18K| DSP48E|   FF   |  LUT  | URAM|
+-----------------+---------+-------+--------+-------+-----+
|DSP              |        -|      1|       -|      -|    -|
|Expression       |        -|      2|       0|    444|    -|
|FIFO             |        -|      -|       -|      -|    -|
|Instance         |        -|      -|       0|    130|    -|
|Memory           |        0|      -|      13|      2|    -|
|Multiplexer      |        -|      -|       -|    158|    -|
|Register         |        0|      -|    1047|    160|    -|
+-----------------+---------+-------+--------+-------+-----+
|Total            |        0|      3|    1060|    894|    0|
+-----------------+---------+-------+--------+-------+-----+
|Available        |      280|    220|  106400|  53200|    0|
+-----------------+---------+-------+--------+-------+-----+
|Utilization (%)  |        0|      1|   ~0   |      1|    0|
+-----------------+---------+-------+--------+-------+-----+

+ Detail: 
    * Instance: 
    +----------------------------+------------------------+---------+-------+---+----+-----+
    |          Instance          |         Module         | BRAM_18K| DSP48E| FF| LUT| URAM|
    +----------------------------+------------------------+---------+-------+---+----+-----+
    |network_mux_164_32_1_1_U82  |network_mux_164_32_1_1  |        0|      0|  0|  65|    0|
    |network_mux_646_16_1_1_U81  |network_mux_646_16_1_1  |        0|      0|  0|  65|    0|
    +----------------------------+------------------------+---------+-------+---+----+-----+
    |Total                       |                        |        0|      0|  0| 130|    0|
    +----------------------------+------------------------+---------+-------+---+----+-----+

    * DSP48E: 
    +------------------------------------------+--------------------------------------+--------------+
    |                 Instance                 |                Module                |  Expression  |
    +------------------------------------------+--------------------------------------+--------------+
    |network_mac_muladd_4ns_7ns_7s_10_1_1_U83  |network_mac_muladd_4ns_7ns_7s_10_1_1  | i0 + i1 * i2 |
    +------------------------------------------+--------------------------------------+--------------+

    * Memory: 
    +-------------------------+----------------------------------------------+---------+----+----+-----+------+-----+------+-------------+
    |          Memory         |                    Module                    | BRAM_18K| FF | LUT| URAM| Words| Bits| Banks| W*Bits*Banks|
    +-------------------------+----------------------------------------------+---------+----+----+-----+------+-----+------+-------------+
    |SeparableConv2D_2_b_s_U  |pointwise_conv2d_fix_2_SeparableConv2D_2_b_s  |        0|  13|   2|    0|     8|   13|     1|          104|
    +-------------------------+----------------------------------------------+---------+----+----+-----+------+-----+------+-------------+
    |Total                    |                                              |        0|  13|   2|    0|     8|   13|     1|          104|
    +-------------------------+----------------------------------------------+---------+----+----+-----+------+-----+------+-------------+

    * FIFO: 
    N/A

    * Expression: 
    +--------------------------+----------+-------+---+----+------------+------------+
    |       Variable Name      | Operation| DSP48E| FF| LUT| Bitwidth P0| Bitwidth P1|
    +--------------------------+----------+-------+---+----+------------+------------+
    |mul_ln37_fu_1022_p2       |     *    |      2|  0|  20|          32|          16|
    |add_ln22_fu_434_p2        |     +    |      0|  0|  15|           9|           6|
    |add_ln30_fu_745_p2        |     +    |      0|  0|  15|           9|           1|
    |add_ln31_fu_887_p2        |     +    |      0|  0|  15|           7|           1|
    |add_ln37_6_fu_867_p2      |     +    |      0|  0|  15|           7|           7|
    |add_ln37_fu_733_p2        |     +    |      0|  0|  15|           7|           7|
    |add_ln44_1_fu_932_p2      |     +    |      0|  0|  14|          10|          10|
    |add_ln44_fu_923_p2        |     +    |      0|  0|  15|           7|           7|
    |buffer_fu_1052_p2         |     +    |      0|  0|  29|          22|          22|
    |i_fu_470_p2               |     +    |      0|  0|  13|           4|           1|
    |in_d_fu_881_p2            |     +    |      0|  0|  13|           4|           1|
    |merge_i_fu_485_p65        |     +    |      0|  0|  15|           6|           6|
    |out_d_fu_446_p2           |     +    |      0|  0|  13|           4|           1|
    |out_h_fu_751_p2           |     +    |      0|  0|  12|           3|           1|
    |out_w_fu_835_p2           |     +    |      0|  0|  12|           3|           1|
    |sub_ln37_3_fu_787_p2      |     -    |      0|  0|  15|           7|           7|
    |sub_ln37_fu_723_p2        |     -    |      0|  0|  15|           7|           7|
    |and_ln37_fu_821_p2        |    and   |      0|  0|   2|           1|           1|
    |output_r_d0               |    and   |      0|  0|  16|          16|          16|
    |icmp_ln22_fu_440_p2       |   icmp   |      0|  0|  11|           4|           5|
    |icmp_ln24_fu_464_p2       |   icmp   |      0|  0|  11|           4|           5|
    |icmp_ln30_fu_739_p2       |   icmp   |      0|  0|  13|           9|           8|
    |icmp_ln31_fu_757_p2       |   icmp   |      0|  0|  11|           7|           6|
    |icmp_ln34_3_fu_918_p2     |   icmp   |      0|  0|  11|           4|           5|
    |icmp_ln34_fu_815_p2       |   icmp   |      0|  0|  11|           4|           5|
    |or_ln32_fu_841_p2         |    or    |      0|  0|   2|           1|           1|
    |select_ln30_fu_827_p3     |  select  |      0|  0|   3|           1|           3|
    |select_ln31_fu_893_p3     |  select  |      0|  0|   7|           1|           1|
    |select_ln32_7_fu_847_p3   |  select  |      0|  0|   4|           1|           1|
    |select_ln32_8_fu_859_p3   |  select  |      0|  0|   3|           1|           3|
    |select_ln32_9_fu_873_p3   |  select  |      0|  0|   7|           1|           7|
    |select_ln32_fu_1033_p3    |  select  |      0|  0|  22|           1|          22|
    |select_ln37_6_fu_1027_p3  |  select  |      0|  0|  22|           1|          22|
    |select_ln37_7_fu_793_p3   |  select  |      0|  0|   7|           1|           7|
    |select_ln37_8_fu_801_p3   |  select  |      0|  0|   7|           1|           7|
    |select_ln37_fu_763_p3     |  select  |      0|  0|   3|           1|           1|
    |select_ln43_fu_1076_p3    |  select  |      0|  0|   2|           1|           2|
    |ap_enable_pp1             |    xor   |      0|  0|   2|           1|           2|
    |ap_enable_reg_pp1_iter1   |    xor   |      0|  0|   2|           2|           1|
    |xor_ln37_fu_809_p2        |    xor   |      0|  0|   2|           1|           2|
    |xor_ln43_fu_1070_p2       |    xor   |      0|  0|   2|           1|           2|
    +--------------------------+----------+-------+---+----+------------+------------+
    |Total                     |          |      2|  0| 444|         214|         237|
    +--------------------------+----------+-------+---+----+------------+------------+

    * Multiplexer: 
    +----------------------------------+----+-----------+-----+-----------+
    |               Name               | LUT| Input Size| Bits| Total Bits|
    +----------------------------------+----+-----------+-----+-----------+
    |ap_NS_fsm                         |  41|          8|    1|          8|
    |ap_enable_reg_pp1_iter1           |   9|          2|    1|          2|
    |ap_enable_reg_pp1_iter4           |   9|          2|    1|          2|
    |ap_phi_mux_in_d_0_phi_fu_423_p4   |   9|          2|    4|          8|
    |ap_phi_mux_out_w_0_phi_fu_402_p4  |   9|          2|    3|          6|
    |buffer_0_reg_409                  |   9|          2|   22|         44|
    |i_0_reg_354                       |   9|          2|    4|          8|
    |in_d_0_reg_419                    |   9|          2|    4|          8|
    |indvar_flatten18_reg_365          |   9|          2|    9|         18|
    |indvar_flatten_reg_387            |   9|          2|    7|         14|
    |out_d_0_reg_331                   |   9|          2|    4|          8|
    |out_h_0_reg_376                   |   9|          2|    3|          6|
    |out_w_0_reg_398                   |   9|          2|    3|          6|
    |phi_mul_reg_343                   |   9|          2|    9|         18|
    +----------------------------------+----+-----------+-----+-----------+
    |Total                             | 158|         34|   75|        156|
    +----------------------------------+----+-----------+-----+-----------+

    * Register: 
    +--------------------------------------+----+----+-----+-----------+
    |                 Name                 | FF | LUT| Bits| Const Bits|
    +--------------------------------------+----+----+-----+-----------+
    |add_ln22_reg_1203                     |   9|   0|    9|          0|
    |add_ln44_1_reg_1308                   |  10|   0|   10|          0|
    |and_ln37_reg_1261                     |   1|   0|    1|          0|
    |ap_CS_fsm                             |   7|   0|    7|          0|
    |ap_enable_reg_pp1_iter0               |   1|   0|    1|          0|
    |ap_enable_reg_pp1_iter1               |   1|   0|    1|          0|
    |ap_enable_reg_pp1_iter2               |   1|   0|    1|          0|
    |ap_enable_reg_pp1_iter3               |   1|   0|    1|          0|
    |ap_enable_reg_pp1_iter4               |   1|   0|    1|          0|
    |buffer_0_reg_409                      |  22|   0|   22|          0|
    |i_0_reg_354                           |   4|   0|    4|          0|
    |icmp_ln30_reg_1242                    |   1|   0|    1|          0|
    |icmp_ln31_reg_1251                    |   1|   0|    1|          0|
    |icmp_ln34_3_reg_1304                  |   1|   0|    1|          0|
    |in_d_0_reg_419                        |   4|   0|    4|          0|
    |in_d_reg_1288                         |   4|   0|    4|          0|
    |indvar_flatten18_reg_365              |   9|   0|    9|          0|
    |indvar_flatten_reg_387                |   7|   0|    7|          0|
    |input_load_reg_1313                   |  16|   0|   16|          0|
    |kernel_buffer_15_016_fu_288           |  32|   0|   32|          0|
    |kernel_buffer_15_31_fu_236            |  32|   0|   32|          0|
    |kernel_buffer_15_32_fu_240            |  32|   0|   32|          0|
    |kernel_buffer_15_33_fu_244            |  32|   0|   32|          0|
    |kernel_buffer_15_34_fu_248            |  32|   0|   32|          0|
    |kernel_buffer_15_35_fu_252            |  32|   0|   32|          0|
    |kernel_buffer_15_36_fu_256            |  32|   0|   32|          0|
    |kernel_buffer_15_37_fu_260            |  32|   0|   32|          0|
    |kernel_buffer_15_38_fu_264            |  32|   0|   32|          0|
    |kernel_buffer_15_39_fu_268            |  32|   0|   32|          0|
    |kernel_buffer_15_40_fu_272            |  32|   0|   32|          0|
    |kernel_buffer_15_41_fu_276            |  32|   0|   32|          0|
    |kernel_buffer_15_42_fu_280            |  32|   0|   32|          0|
    |kernel_buffer_15_43_fu_284            |  32|   0|   32|          0|
    |kernel_buffer_15_fu_232               |  32|   0|   32|          0|
    |mul_ln37_reg_1323                     |  32|   0|   32|          0|
    |out_d_0_reg_331                       |   4|   0|    4|          0|
    |out_d_reg_1212                        |   4|   0|    4|          0|
    |out_h_0_reg_376                       |   3|   0|    3|          0|
    |out_w_0_reg_398                       |   3|   0|    3|          0|
    |phi_mul_reg_343                       |   9|   0|    9|          0|
    |select_ln32_7_reg_1271                |   4|   0|    4|          0|
    |select_ln32_7_reg_1271_pp1_iter1_reg  |   4|   0|    4|          0|
    |select_ln32_8_reg_1277                |   3|   0|    3|          0|
    |select_ln32_9_reg_1283                |   7|   0|    7|          0|
    |select_ln37_7_reg_1256                |   7|   0|    7|          0|
    |sext_ln28_reg_1235                    |  22|   0|   22|          0|
    |shl_ln_reg_1217                       |   3|   0|    6|          3|
    |tmp_5_reg_1318                        |  32|   0|   32|          0|
    |zext_ln22_reg_1198                    |   9|   0|   10|          1|
    |add_ln44_1_reg_1308                   |  64|  32|   10|          0|
    |and_ln37_reg_1261                     |  64|  32|    1|          0|
    |icmp_ln30_reg_1242                    |  64|  32|    1|          0|
    |icmp_ln31_reg_1251                    |  64|  32|    1|          0|
    |icmp_ln34_3_reg_1304                  |  64|  32|    1|          0|
    +--------------------------------------+----+----+-----+-----------+
    |Total                                 |1047| 160|  745|          4|
    +--------------------------------------+----+----+-----+-----------+



================================================================
== Interface
================================================================
* Summary: 
+-------------------+-----+-----+------------+------------------------+--------------+
|     RTL Ports     | Dir | Bits|  Protocol  |      Source Object     |    C Type    |
+-------------------+-----+-----+------------+------------------------+--------------+
|ap_clk             |  in |    1| ap_ctrl_hs | pointwise_conv2d_fix.2 | return value |
|ap_rst             |  in |    1| ap_ctrl_hs | pointwise_conv2d_fix.2 | return value |
|ap_start           |  in |    1| ap_ctrl_hs | pointwise_conv2d_fix.2 | return value |
|ap_done            | out |    1| ap_ctrl_hs | pointwise_conv2d_fix.2 | return value |
|ap_idle            | out |    1| ap_ctrl_hs | pointwise_conv2d_fix.2 | return value |
|ap_ready           | out |    1| ap_ctrl_hs | pointwise_conv2d_fix.2 | return value |
|input_r_address0   | out |   14|  ap_memory |         input_r        |     array    |
|input_r_ce0        | out |    1|  ap_memory |         input_r        |     array    |
|input_r_q0         |  in |   16|  ap_memory |         input_r        |     array    |
|output_r_address0  | out |   14|  ap_memory |        output_r        |     array    |
|output_r_ce0       | out |    1|  ap_memory |        output_r        |     array    |
|output_r_we0       | out |    1|  ap_memory |        output_r        |     array    |
|output_r_d0        | out |   16|  ap_memory |        output_r        |     array    |
+-------------------+-----+-----+------------+------------------------+--------------+

